Archive member included to satisfy reference by file (symbol)

examples/libexamples.a(LCD_2in25_test.c.obj)
                              CMakeFiles/main.dir/main.c.obj (LCD_2in25_test)
examples/libexamples.a(ImageData_225.c.obj)
                              examples/libexamples.a(LCD_2in25_test.c.obj) (gImage_225)
lib/LCD/libLCD.a(LCD_2in25.c.obj)
                              examples/libexamples.a(LCD_2in25_test.c.obj) (LCD_2IN25_Init)
lib/Icm20948/libIcm20948.a(icm20948.c.obj)
                              examples/libexamples.a(LCD_2in25_test.c.obj) (icm20948Check)
lib/QMI8658/libQMI8658.a(QMI8658.c.obj)
                              examples/libexamples.a(LCD_2in25_test.c.obj) (QMI8658_read_xyz)
lib/GUI/libGUI.a(GUI_Paint.c.obj)
                              examples/libexamples.a(LCD_2in25_test.c.obj) (Paint_NewImage)
lib/Fonts/libFonts.a(font12.c.obj)
                              examples/libexamples.a(LCD_2in25_test.c.obj) (Font12)
lib/Fonts/libFonts.a(font16.c.obj)
                              examples/libexamples.a(LCD_2in25_test.c.obj) (Font16)
lib/Config/libConfig.a(DEV_Config.c.obj)
                              lib/LCD/libLCD.a(LCD_2in25.c.obj) (DEV_Digital_Write)
lib/RGB/libRGB.a(RGB.c.obj)   examples/libexamples.a(LCD_2in25_test.c.obj) (RGB_Start)
C:/Users/Administrator/.pico-sdk/toolchain/13_3_Rel1/bin/../lib/gcc/arm-none-eabi/13.3.1/thumb/v8-m.main+fp/softfp\libm.a(libm_a-wf_sqrt.o)
                              CMakeFiles/main.dir/C_/Users/Administrator/.pico-sdk/sdk/2.1.0/src/rp2_common/pico_float/float_math.c.obj (sqrtf)
C:/Users/Administrator/.pico-sdk/toolchain/13_3_Rel1/bin/../lib/gcc/arm-none-eabi/13.3.1/thumb/v8-m.main+fp/softfp\libm.a(libm_a-ef_sqrt.o)
                              C:/Users/Administrator/.pico-sdk/toolchain/13_3_Rel1/bin/../lib/gcc/arm-none-eabi/13.3.1/thumb/v8-m.main+fp/softfp\libm.a(libm_a-wf_sqrt.o) (__ieee754_sqrtf)
C:/Users/Administrator/.pico-sdk/toolchain/13_3_Rel1/bin/../lib/gcc/arm-none-eabi/13.3.1/thumb/v8-m.main+fp/softfp\libgcc.a(_arm_addsubdf3.o)
                              CMakeFiles/main.dir/C_/Users/Administrator/.pico-sdk/sdk/2.1.0/src/rp2_common/pico_float/float_math.c.obj (__aeabi_f2d)
C:/Users/Administrator/.pico-sdk/toolchain/13_3_Rel1/bin/../lib/gcc/arm-none-eabi/13.3.1/thumb/v8-m.main+fp/softfp\libgcc.a(_aeabi_ldivmod.o)
                              CMakeFiles/main.dir/C_/Users/Administrator/.pico-sdk/sdk/2.1.0/src/common/pico_time/time.c.obj (__aeabi_ldivmod)
C:/Users/Administrator/.pico-sdk/toolchain/13_3_Rel1/bin/../lib/gcc/arm-none-eabi/13.3.1/thumb/v8-m.main+fp/softfp\libgcc.a(_aeabi_uldivmod.o)
                              CMakeFiles/main.dir/C_/Users/Administrator/.pico-sdk/sdk/2.1.0/src/rp2_common/hardware_clocks/clocks.c.obj (__aeabi_uldivmod)
C:/Users/Administrator/.pico-sdk/toolchain/13_3_Rel1/bin/../lib/gcc/arm-none-eabi/13.3.1/thumb/v8-m.main+fp/softfp\libgcc.a(_udivmoddi4.o)
                              C:/Users/Administrator/.pico-sdk/toolchain/13_3_Rel1/bin/../lib/gcc/arm-none-eabi/13.3.1/thumb/v8-m.main+fp/softfp\libgcc.a(_aeabi_ldivmod.o) (__udivmoddi4)
C:/Users/Administrator/.pico-sdk/toolchain/13_3_Rel1/bin/../lib/gcc/arm-none-eabi/13.3.1/thumb/v8-m.main+fp/softfp\libgcc.a(_dvmd_tls.o)
                              C:/Users/Administrator/.pico-sdk/toolchain/13_3_Rel1/bin/../lib/gcc/arm-none-eabi/13.3.1/thumb/v8-m.main+fp/softfp\libgcc.a(_aeabi_ldivmod.o) (__aeabi_ldiv0)
C:/Users/Administrator/.pico-sdk/toolchain/13_3_Rel1/bin/../lib/gcc/arm-none-eabi/13.3.1/thumb/v8-m.main+fp/softfp\libg.a(libc_a-atoi.o)
                              CMakeFiles/main.dir/lib/FatFs/sd_driver/sd_card.c.obj (atoi)
C:/Users/Administrator/.pico-sdk/toolchain/13_3_Rel1/bin/../lib/gcc/arm-none-eabi/13.3.1/thumb/v8-m.main+fp/softfp\libg.a(libc_a-calloc.o)
                              CMakeFiles/main.dir/C_/Users/Administrator/.pico-sdk/sdk/2.1.0/src/rp2_common/pico_malloc/malloc.c.obj (calloc)
C:/Users/Administrator/.pico-sdk/toolchain/13_3_Rel1/bin/../lib/gcc/arm-none-eabi/13.3.1/thumb/v8-m.main+fp/softfp\libg.a(libc_a-callocr.o)
                              C:/Users/Administrator/.pico-sdk/toolchain/13_3_Rel1/bin/../lib/gcc/arm-none-eabi/13.3.1/thumb/v8-m.main+fp/softfp\libg.a(libc_a-calloc.o) (_calloc_r)
C:/Users/Administrator/.pico-sdk/toolchain/13_3_Rel1/bin/../lib/gcc/arm-none-eabi/13.3.1/thumb/v8-m.main+fp/softfp\libg.a(libc_a-malloc.o)
                              CMakeFiles/main.dir/C_/Users/Administrator/.pico-sdk/sdk/2.1.0/src/rp2_common/pico_malloc/malloc.c.obj (malloc)
C:/Users/Administrator/.pico-sdk/toolchain/13_3_Rel1/bin/../lib/gcc/arm-none-eabi/13.3.1/thumb/v8-m.main+fp/softfp\libg.a(libc_a-mallocr.o)
                              C:/Users/Administrator/.pico-sdk/toolchain/13_3_Rel1/bin/../lib/gcc/arm-none-eabi/13.3.1/thumb/v8-m.main+fp/softfp\libg.a(libc_a-callocr.o) (_malloc_r)
[...]
Memory Configuration

Name             Origin             Length             Attributes
FLASH            0x10000000         0x00400000         xr
RAM              0x20000000         0x00080000         xrw
SCRATCH_X        0x20080000         0x00001000         xrw
SCRATCH_Y        0x20081000         0x00001000         xrw
*default*        0x00000000         0xffffffff

Linker script and memory map

LOAD C:/Users/Administrator/.pico-sdk/toolchain/13_3_Rel1/bin/../lib/gcc/arm-none-eabi/13.3.1/thumb/v8-m.main+fp/softfp/crti.o
LOAD C:/Users/Administrator/.pico-sdk/toolchain/13_3_Rel1/bin/../lib/gcc/arm-none-eabi/13.3.1/thumb/v8-m.main+fp/softfp/crtbegin.o
LOAD C:/Users/Administrator/.pico-sdk/toolchain/13_3_Rel1/bin/../lib/gcc/arm-none-eabi/13.3.1/thumb/v8-m.main+fp/softfp/crt0.o

.flash_begin    0x10000000        0x0
                0x10000000                        __flash_binary_start = .

.text           0x10000000    0x17054
                0x10000000                        __logical_binary_start = .
 *(.vectors)
 .vectors       0x10000000      0x124 CMakeFiles/main.dir/C_/Users/Administrator/.pico-sdk/sdk/2.1.0/src/rp2_common/pico_crt0/crt0.S.obj
                0x10000000                __vectors
                0x10000000                __VECTOR_TABLE
                0x10000110                isr_invalid
                0x10000110                __default_isrs_start
                0x10000112                NMI_Handler
                0x10000116                SVC_Handler
                0x10000118                PendSV_Handler
                0x1000011a                SysTick_Handler
                0x1000011c                IO_IRQ_BANK0_Handler
                0x1000011c                PLL_SYS_IRQ_Handler
                0x1000011c                PIO0_IRQ_0_Handler
                0x1000011c                USBCTRL_IRQ_Handler
                0x1000011c                SPI1_IRQ_Handler
                0x1000011c                POWMAN_IRQ_POW_Handler
                0x1000011c                DMA_IRQ_2_Handler
                0x1000011c                PIO1_IRQ_1_Handler
                0x1000011c                POWMAN_IRQ_TIMER_Handler
                0x1000011c                DMA_IRQ_1_Handler
                0x1000011c                SIO_IRQ_FIFO_Handler
                0x1000011c                PLL_USB_IRQ_Handler
                0x1000011c                TIMER0_IRQ_2_Handler
                0x1000011c                I2C1_IRQ_Handler
                0x1000011c                IO_IRQ_BANK0_NS_Handler
                0x1000011c                isr_irq48
                0x1000011c                isr_irq49
                0x1000011c                PWM_IRQ_WRAP_0_Handler
                0x1000011c                isr_irq50
                0x1000011c                TIMER1_IRQ_0_Handler
                0x1000011c                isr_irq40
                0x1000011c                SPI0_IRQ_Handler
                0x1000011c                PWM_IRQ_WRAP_1_Handler
                0x1000011c                SIO_IRQ_BELL_Handler
                0x1000011c                isr_irq41
                0x1000011c                OTP_IRQ_Handler
                0x1000011c                TRNG_IRQ_Handler
                0x1000011c                TIMER0_IRQ_1_Handler
                0x1000011c                PIO0_IRQ_1_Handler
                0x1000011c                I2C0_IRQ_Handler
                0x1000011c                SIO_IRQ_FIFO_NS_Handler
                0x1000011c                SIO_IRQ_BELL_NS_Handler
                0x1000011c                SIO_IRQ_MTIMECMP_Handler
                0x1000011c                TIMER1_IRQ_1_Handler
                0x1000011c                UART1_IRQ_Handler
                0x1000011c                __unhandled_user_irq
                0x1000011c                DMA_IRQ_0_Handler
                0x1000011c                CLOCKS_IRQ_Handler
                0x1000011c                PIO1_IRQ_0_Handler
                0x1000011c                PIO2_IRQ_1_Handler
                0x1000011c                PIO2_IRQ_0_Handler
                0x1000011c                isr_irq46
                0x1000011c                ADC_IRQ_FIFO_Handler
                0x1000011c                isr_irq47
                0x1000011c                isr_irq51
                0x1000011c                IO_IRQ_QSPI_Handler
                0x1000011c                TIMER1_IRQ_3_Handler
                0x1000011c                UART0_IRQ_Handler
                0x1000011c                TIMER0_IRQ_0_Handler
                0x1000011c                IO_IRQ_QSPI_NS_Handler
                0x1000011c                __default_isrs_end
                0x1000011c                TIMER0_IRQ_3_Handler
                0x1000011c                TIMER1_IRQ_2_Handler
                0x1000011c                DMA_IRQ_3_Handler
                0x10000122                unhandled_user_irq_num_in_r0
 *(.binary_info_header)
 .binary_info_header
                0x10000124       0x14 CMakeFiles/main.dir/C_/Users/Administrator/.pico-sdk/sdk/2.1.0/src/rp2_common/pico_crt0/crt0.S.obj
                0x10000138                        __binary_info_header_end = .
 *(.embedded_block)
 .embedded_block
                0x10000138       0x14 CMakeFiles/main.dir/C_/Users/Administrator/.pico-sdk/sdk/2.1.0/src/rp2_common/pico_crt0/crt0.S.obj
                0x1000014c                        __embedded_block_end = .
 *(.reset)
 .reset         0x1000014c       0xa0 CMakeFiles/main.dir/C_/Users/Administrator/.pico-sdk/sdk/2.1.0/src/rp2_common/pico_crt0/crt0.S.obj
                0x1000014c                _entry_point
 *(.init)
 .init          0x100001ec        0x4 C:/Users/Administrator/.pico-sdk/toolchain/13_3_Rel1/bin/../lib/gcc/arm-none-eabi/13.3.1/thumb/v8-m.main+fp/softfp/crti.o
                0x100001ec                _init
 SORT_BY_NAME(REVERSE(*libgcc.a:cmse_nonsecure_call.o))()
 *(EXCLUDE_FILE(*libm.a: *libc.a:*lib_a-mem*.o *libgcc.a:) .text*)
 .text.register_tm_clones
                0x100001f0       0x28 C:/Users/Administrator/.pico-sdk/toolchain/13_3_Rel1/bin/../lib/gcc/arm-none-eabi/13.3.1/thumb/v8-m.main+fp/softfp/crtbegin.o
 .text.frame_dummy
                0x10000218       0x24 C:/Users/Administrator/.pico-sdk/toolchain/13_3_Rel1/bin/../lib/gcc/arm-none-eabi/13.3.1/thumb/v8-m.main+fp/softfp/crtbegin.o
 .text.startup.main
                0x1000023c       0x20 CMakeFiles/main.dir/main.c.obj
                0x1000023c                main
 .text.gpio_set_function
                0x1000025c       0x3c CMakeFiles/main.dir/C_/Users/Administrator/.pico-sdk/sdk/2.1.0/src/rp2_common/hardware_gpio/gpio.c.obj
                0x1000025c                gpio_set_function
 .text.gpio_set_pulls
                0x10000298       0x28 CMakeFiles/main.dir/C_/Users/Administrator/.pico-sdk/sdk/2.1.0/src/rp2_common/hardware_gpio/gpio.c.obj
                0x10000298                gpio_set_pulls
 .text.gpio_set_slew_rate
                0x100002c0       0x1c CMakeFiles/main.dir/C_/Users/Administrator/.pico-sdk/sdk/2.1.0/src/rp2_common/hardware_gpio/gpio.c.obj
                0x100002c0                gpio_set_slew_rate
 .text.gpio_set_drive_strength
                0x100002dc       0x20 CMakeFiles/main.dir/C_/Users/Administrator/.pico-sdk/sdk/2.1.0/src/rp2_common/hardware_gpio/gpio.c.obj
                0x100002dc                gpio_set_drive_strength
 .text.gpio_init
                0x100002fc       0x48 CMakeFiles/main.dir/C_/Users/Administrator/.pico-sdk/sdk/2.1.0/src/rp2_common/hardware_gpio/gpio.c.obj
                0x100002fc                gpio_init
 .text.gpio_deinit
                0x10000344       0x40 CMakeFiles/main.dir/C_/Users/Administrator/.pico-sdk/sdk/2.1.0/src/rp2_common/hardware_gpio/gpio.c.obj
                0x10000344                gpio_deinit
 .text.panic    0x10000384       0x30 CMakeFiles/main.dir/C_/Users/Administrator/.pico-sdk/sdk/2.1.0/src/rp2_common/pico_platform_panic/panic.c.obj
                0x10000384                panic
 .text.hw_claim_lock
                0x100003b4       0x24 CMakeFiles/main.dir/C_/Users/Administrator/.pico-sdk/sdk/2.1.0/src/common/hardware_claim/claim.c.obj
                0x100003b4                hw_claim_lock
 .text.hw_claim_unlock
                0x100003d8       0x14 CMakeFiles/main.dir/C_/Users/Administrator/.pico-sdk/sdk/2.1.0/src/common/hardware_claim/claim.c.obj
                0x100003d8                hw_claim_unlock
 .text.hw_claim_or_assert
                0x100003ec       0x58 CMakeFiles/main.dir/C_/Users/Administrator/.pico-sdk/sdk/2.1.0/src/common/hardware_claim/claim.c.obj
                0x100003ec                hw_claim_or_assert
 .text.hw_claim_unused_from_range
                0x10000444       0x9c CMakeFiles/main.dir/C_/Users/Administrator/.pico-sdk/sdk/2.1.0/src/common/hardware_claim/claim.c.obj
                0x10000444                hw_claim_unused_from_range
 .text.next_striped_spin_lock_num
                0x100004e0       0x18 CMakeFiles/main.dir/C_/Users/Administrator/.pico-sdk/sdk/2.1.0/src/rp2_common/hardware_sync/sync.c.obj
                0x100004e0                next_striped_spin_lock_num
 .text.spin_lock_claim_unused
                0x100004f8       0x20 CMakeFiles/main.dir/C_/Users/Administrator/.pico-sdk/sdk/2.1.0/src/rp2_common/hardware_sync/sync.c.obj
                0x100004f8                spin_lock_claim_unused
 .text.spinlock_set_extexclall
                0x10000518       0x10 CMakeFiles/main.dir/C_/Users/Administrator/.pico-sdk/sdk/2.1.0/src/rp2_common/hardware_sync_spin_lock/sync_spin_lock.c.obj
 .text.spin_locks_reset
                0x10000528       0x18 CMakeFiles/main.dir/C_/Users/Administrator/.pico-sdk/sdk/2.1.0/src/rp2_common/hardware_sync_spin_lock/sync_spin_lock.c.obj
                0x10000528                spin_locks_reset
 .text.runtime_init_per_core_irq_priorities
                0x10000540       0x40 CMakeFiles/main.dir/C_/Users/Administrator/.pico-sdk/sdk/2.1.0/src/rp2_common/hardware_irq/irq.c.obj
                0x10000540                runtime_init_per_core_irq_priorities
 .text.irq_set_enabled
                0x10000580       0x2c CMakeFiles/main.dir/C_/Users/Administrator/.pico-sdk/sdk/2.1.0/src/rp2_common/hardware_irq/irq.c.obj
                0x10000580                irq_set_enabled
 .text.irq_is_enabled
                0x100005ac       0x20 CMakeFiles/main.dir/C_/Users/Administrator/.pico-sdk/sdk/2.1.0/src/rp2_common/hardware_irq/irq.c.obj
                0x100005ac                irq_is_enabled
 .text.irq_set_pending
                0x100005cc       0x18 CMakeFiles/main.dir/C_/Users/Administrator/.pico-sdk/sdk/2.1.0/src/rp2_common/hardware_irq/irq.c.obj
                0x100005cc                irq_set_pending
 .text.irq_has_shared_handler
                0x100005e4       0x24 CMakeFiles/main.dir/C_/Users/Administrator/.pico-sdk/sdk/2.1.0/src/rp2_common/hardware_irq/irq.c.obj
                0x100005e4                irq_has_shared_handler
 .text.irq_set_exclusive_handler
                0x10000608       0x60 CMakeFiles/main.dir/C_/Users/Administrator/.pico-sdk/sdk/2.1.0/src/rp2_common/hardware_irq/irq.c.obj
                0x10000608                irq_set_exclusive_handler
 .text.irq_add_shared_handler
                0x10000668      0x1e8 CMakeFiles/main.dir/C_/Users/Administrator/.pico-sdk/sdk/2.1.0/src/rp2_common/hardware_irq/irq.c.obj
                0x10000668                irq_add_shared_handler
 .text.irq_remove_handler
                0x10000850      0x1fc CMakeFiles/main.dir/C_/Users/Administrator/.pico-sdk/sdk/2.1.0/src/rp2_common/hardware_irq/irq.c.obj
                0x10000850                irq_remove_handler
 .text.irq_add_tail_to_free_list
                0x10000a4c       0xbc CMakeFiles/main.dir/C_/Users/Administrator/.pico-sdk/sdk/2.1.0/src/rp2_common/hardware_irq/irq.c.obj
                0x10000a4c                irq_add_tail_to_free_list
 .text.user_irq_claim_unused
                0x10000b08       0x28 CMakeFiles/main.dir/C_/Users/Administrator/.pico-sdk/sdk/2.1.0/src/rp2_common/hardware_irq/irq.c.obj
                0x10000b08                user_irq_claim_unused
 .text.lock_init
                0x10000b30        0xc CMakeFiles/main.dir/C_/Users/Administrator/.pico-sdk/sdk/2.1.0/src/common/pico_sync/lock_core.c.obj
                0x10000b30                lock_init
 .text.runtime_init_mutex
                0x10000b3c       0x4c CMakeFiles/main.dir/C_/Users/Administrator/.pico-sdk/sdk/2.1.0/src/common/pico_sync/mutex.c.obj
                0x10000b3c                runtime_init_mutex
 .text.mutex_init
                0x10000b88       0x1c CMakeFiles/main.dir/C_/Users/Administrator/.pico-sdk/sdk/2.1.0/src/common/pico_sync/mutex.c.obj
                0x10000b88                mutex_init
 .text.critical_section_init
                0x10000ba4       0x1c CMakeFiles/main.dir/C_/Users/Administrator/.pico-sdk/sdk/2.1.0/src/common/pico_sync/critical_section.c.obj
                0x10000ba4                critical_section_init
 .text.critical_section_init_with_lock_num
                0x10000bc0       0x10 CMakeFiles/main.dir/C_/Users/Administrator/.pico-sdk/sdk/2.1.0/src/common/pico_sync/critical_section.c.obj
                0x10000bc0                critical_section_init_with_lock_num
 .text.sleep_until_callback
                0x10000bd0       0x3c CMakeFiles/main.dir/C_/Users/Administrator/.pico-sdk/sdk/2.1.0/src/common/pico_time/time.c.obj
 *fill*         0x10000c0c        0x4 
 .text.alarm_pool_irq_handler
                0x10000c10      0x2e0 CMakeFiles/main.dir/C_/Users/Administrator/.pico-sdk/sdk/2.1.0/src/common/pico_time/time.c.obj
 .text.runtime_init_default_alarm_pool
                0x10000ef0      0x100 CMakeFiles/main.dir/C_/Users/Administrator/.pico-sdk/sdk/2.1.0/src/common/pico_time/time.c.obj
                0x10000ef0                runtime_init_default_alarm_pool
 .text.alarm_pool_get_default
                0x10000ff0        0x8 CMakeFiles/main.dir/C_/Users/Administrator/.pico-sdk/sdk/2.1.0/src/common/pico_time/time.c.obj
                0x10000ff0                alarm_pool_get_default
 .text.alarm_pool_add_alarm_at
                0x10000ff8       0xdc CMakeFiles/main.dir/C_/Users/Administrator/.pico-sdk/sdk/2.1.0/src/common/pico_time/time.c.obj
                0x10000ff8                alarm_pool_add_alarm_at
 .text.alarm_pool_add_alarm_at_force_in_context
                0x100010d4       0xc8 CMakeFiles/main.dir/C_/Users/Administrator/.pico-sdk/sdk/2.1.0/src/common/pico_time/time.c.obj
                0x100010d4                alarm_pool_add_alarm_at_force_in_context
 .text.alarm_pool_cancel_alarm
                0x1000119c       0x80 CMakeFiles/main.dir/C_/Users/Administrator/.pico-sdk/sdk/2.1.0/src/common/pico_time/time.c.obj
                0x1000119c                alarm_pool_cancel_alarm
 .text.alarm_pool_core_num
                0x1000121c        0x4 CMakeFiles/main.dir/C_/Users/Administrator/.pico-sdk/sdk/2.1.0/src/common/pico_time/time.c.obj
                0x1000121c                alarm_pool_core_num
 .text.sleep_until
                0x10001220       0xbc CMakeFiles/main.dir/C_/Users/Administrator/.pico-sdk/sdk/2.1.0/src/common/pico_time/time.c.obj
                0x10001220                sleep_until
 .text.sleep_ms
                0x100012dc       0x2c CMakeFiles/main.dir/C_/Users/Administrator/.pico-sdk/sdk/2.1.0/src/common/pico_time/time.c.obj
                0x100012dc                sleep_ms
 .text.best_effort_wfe_or_timeout
                0x10001308       0xb0 CMakeFiles/main.dir/C_/Users/Administrator/.pico-sdk/sdk/2.1.0/src/common/pico_time/time.c.obj
                0x10001308                best_effort_wfe_or_timeout
 .text.timer_hardware_alarm_claim
                0x100013b8       0x24 CMakeFiles/main.dir/C_/Users/Administrator/.pico-sdk/sdk/2.1.0/src/rp2_common/hardware_timer/timer.c.obj
                0x100013b8                timer_hardware_alarm_claim
 .text.timer_time_us_64
                0x100013dc       0x10 CMakeFiles/main.dir/C_/Users/Administrator/.pico-sdk/sdk/2.1.0/src/rp2_common/hardware_timer/timer.c.obj
                0x100013dc                timer_time_us_64
 .text.time_us_64
                0x100013ec       0x14 CMakeFiles/main.dir/C_/Users/Administrator/.pico-sdk/sdk/2.1.0/src/rp2_common/hardware_timer/timer.c.obj
                0x100013ec                time_us_64
 .text.busy_wait_us
                0x10001400       0x64 CMakeFiles/main.dir/C_/Users/Administrator/.pico-sdk/sdk/2.1.0/src/rp2_common/hardware_timer/timer.c.obj
                0x10001400                busy_wait_us
 .text.busy_wait_until
                0x10001464       0x24 CMakeFiles/main.dir/C_/Users/Administrator/.pico-sdk/sdk/2.1.0/src/rp2_common/hardware_timer/timer.c.obj
                0x10001464                busy_wait_until
 .text.ms_to_timespec
                0x10001488       0x20 CMakeFiles/main.dir/C_/Users/Administrator/.pico-sdk/sdk/2.1.0/src/common/pico_util/datetime.c.obj
                0x10001488                ms_to_timespec
 .text.uart_init
                0x100014a8      0x104 CMakeFiles/main.dir/C_/Users/Administrator/.pico-sdk/sdk/2.1.0/src/rp2_common/hardware_uart/uart.c.obj
                0x100014a8                uart_init
 .text.clock_configure_undivided
                0x100015ac       0xd0 CMakeFiles/main.dir/C_/Users/Administrator/.pico-sdk/sdk/2.1.0/src/rp2_common/hardware_clocks/clocks.c.obj
                0x100015ac                clock_configure_undivided
 .text.clock_get_hz
                0x1000167c        0xc CMakeFiles/main.dir/C_/Users/Administrator/.pico-sdk/sdk/2.1.0/src/rp2_common/hardware_clocks/clocks.c.obj
                0x1000167c                clock_get_hz
 .text.pll_init
                0x10001688       0x8c CMakeFiles/main.dir/C_/Users/Administrator/.pico-sdk/sdk/2.1.0/src/rp2_common/hardware_pll/pll.c.obj
                0x10001688                pll_init
 .text.watchdog_reboot
                0x10001714       0x98 CMakeFiles/main.dir/C_/Users/Administrator/.pico-sdk/sdk/2.1.0/src/rp2_common/hardware_watchdog/watchdog.c.obj
                0x10001714                watchdog_reboot
 .text.tick_start
                0x100017ac       0x18 CMakeFiles/main.dir/C_/Users/Administrator/.pico-sdk/sdk/2.1.0/src/rp2_common/hardware_ticks/ticks.c.obj
                0x100017ac                tick_start
 .text.rom_reboot.constprop.0.isra.0
                0x100017c4       0x34 CMakeFiles/main.dir/C_/Users/Administrator/.pico-sdk/sdk/2.1.0/src/rp2_common/pico_bootrom/bootrom.c.obj
 .text.rom_func_lookup
                0x100017f8       0x18 CMakeFiles/main.dir/C_/Users/Administrator/.pico-sdk/sdk/2.1.0/src/rp2_common/pico_bootrom/bootrom.c.obj
                0x100017f8                rom_func_lookup
 .text.rom_reset_usb_boot_extra
                0x10001810       0x1c CMakeFiles/main.dir/C_/Users/Administrator/.pico-sdk/sdk/2.1.0/src/rp2_common/pico_bootrom/bootrom.c.obj
                0x10001810                rom_reset_usb_boot_extra
 .text.runtime_init_bootrom_locking_enable
                0x1000182c       0x14 CMakeFiles/main.dir/C_/Users/Administrator/.pico-sdk/sdk/2.1.0/src/rp2_common/pico_bootrom/bootrom_lock.c.obj
                0x1000182c                runtime_init_bootrom_locking_enable
 .text.runtime_init_boot_locks_reset
                0x10001840       0x1c CMakeFiles/main.dir/C_/Users/Administrator/.pico-sdk/sdk/2.1.0/src/rp2_common/hardware_boot_lock/boot_lock.c.obj
                0x10001840                runtime_init_boot_locks_reset
 .text.xosc_init
                0x1000185c       0x2c CMakeFiles/main.dir/C_/Users/Administrator/.pico-sdk/sdk/2.1.0/src/rp2_common/hardware_xosc/xosc.c.obj
                0x1000185c                xosc_init
 .text.first_per_core_initializer
                0x10001888        0x4 CMakeFiles/main.dir/C_/Users/Administrator/.pico-sdk/sdk/2.1.0/src/rp2_common/pico_runtime/runtime.c.obj
 .text.hard_assertion_failure
                0x1000188c        0xc CMakeFiles/main.dir/C_/Users/Administrator/.pico-sdk/sdk/2.1.0/src/rp2_common/pico_runtime/runtime.c.obj
                0x1000188c                hard_assertion_failure
 .text.runtime_run_initializers
                0x10001898       0x20 CMakeFiles/main.dir/C_/Users/Administrator/.pico-sdk/sdk/2.1.0/src/rp2_common/pico_runtime/runtime.c.obj
                0x10001898                runtime_run_initializers
 .text.runtime_run_per_core_initializers
                0x100018b8       0x20 CMakeFiles/main.dir/C_/Users/Administrator/.pico-sdk/sdk/2.1.0/src/rp2_common/pico_runtime/runtime.c.obj
                0x100018b8                runtime_run_per_core_initializers
 .text.runtime_init_early_resets
                0x100018d8       0x34 CMakeFiles/main.dir/C_/Users/Administrator/.pico-sdk/sdk/2.1.0/src/rp2_common/pico_runtime_init/runtime_init.c.obj
                0x100018d8                runtime_init_early_resets
 .text.runtime_init_usb_power_down
                0x1000190c       0x1c CMakeFiles/main.dir/C_/Users/Administrator/.pico-sdk/sdk/2.1.0/src/rp2_common/pico_runtime_init/runtime_init.c.obj
                0x1000190c                runtime_init_usb_power_down
 .text.runtime_init_per_core_enable_coprocessors
                0x10001928       0x1c CMakeFiles/main.dir/C_/Users/Administrator/.pico-sdk/sdk/2.1.0/src/rp2_common/pico_runtime_init/runtime_init.c.obj
                0x10001928                runtime_init_per_core_enable_coprocessors
 .text.runtime_init_post_clock_resets
                0x10001944       0x20 CMakeFiles/main.dir/C_/Users/Administrator/.pico-sdk/sdk/2.1.0/src/rp2_common/pico_runtime_init/runtime_init.c.obj
                0x10001944                runtime_init_post_clock_resets
 .text.runtime_init_bootrom_reset
                0x10001964       0x14 CMakeFiles/main.dir/C_/Users/Administrator/.pico-sdk/sdk/2.1.0/src/rp2_common/pico_runtime_init/runtime_init.c.obj
                0x10001964                runtime_init_bootrom_reset
 .text.runtime_init_per_core_bootrom_reset
                0x10001978       0x14 CMakeFiles/main.dir/C_/Users/Administrator/.pico-sdk/sdk/2.1.0/src/rp2_common/pico_runtime_init/runtime_init.c.obj
                0x10001978                runtime_init_per_core_bootrom_reset
 .text.runtime_init_spin_locks_reset
                0x1000198c        0x4 CMakeFiles/main.dir/C_/Users/Administrator/.pico-sdk/sdk/2.1.0/src/rp2_common/pico_runtime_init/runtime_init.c.obj
                0x1000198c                runtime_init_spin_locks_reset
 .text.runtime_init_install_ram_vector_table
                0x10001990       0x20 CMakeFiles/main.dir/C_/Users/Administrator/.pico-sdk/sdk/2.1.0/src/rp2_common/pico_runtime_init/runtime_init.c.obj
                0x10001990                runtime_init_install_ram_vector_table
 .text.runtime_init_clocks
                0x100019b0       0xdc CMakeFiles/main.dir/C_/Users/Administrator/.pico-sdk/sdk/2.1.0/src/rp2_common/pico_runtime_init/runtime_init_clocks.c.obj
                0x100019b0                runtime_init_clocks
 .text.__rp2350_dcp_engaged_state_save_restore
                0x10001a8c       0x3a CMakeFiles/main.dir/C_/Users/Administrator/.pico-sdk/sdk/2.1.0/src/rp2_common/pico_double/double_aeabi_dcp.S.obj
 *fill*         0x10001ac6        0x2 
 .text.__wrap___aeabi_dadd
                0x10001ac8       0x28 CMakeFiles/main.dir/C_/Users/Administrator/.pico-sdk/sdk/2.1.0/src/rp2_common/pico_double/double_aeabi_dcp.S.obj
                0x10001ad0                __wrap___aeabi_dadd
 .text.__wrap___aeabi_dsub
                0x10001af0       0x28 CMakeFiles/main.dir/C_/Users/Administrator/.pico-sdk/sdk/2.1.0/src/rp2_common/pico_double/double_aeabi_dcp.S.obj
                0x10001af8                __wrap___aeabi_dsub
 .text.__wrap___aeabi_dmul
                0x10001b18       0x4c CMakeFiles/main.dir/C_/Users/Administrator/.pico-sdk/sdk/2.1.0/src/rp2_common/pico_double/double_aeabi_dcp.S.obj
                0x10001b20                __wrap___aeabi_dmul
 .text.__wrap___aeabi_ddiv
                0x10001b64       0x9c CMakeFiles/main.dir/C_/Users/Administrator/.pico-sdk/sdk/2.1.0/src/rp2_common/pico_double/double_aeabi_dcp.S.obj
                0x10001b6c                __wrap___aeabi_ddiv
 .text.__wrap___aeabi_d2f
                0x10001c00       0x1c CMakeFiles/main.dir/C_/Users/Administrator/.pico-sdk/sdk/2.1.0/src/rp2_common/pico_double/double_aeabi_dcp.S.obj
                0x10001c08                __wrap___aeabi_d2f
 .text.__wrap___aeabi_i2d
                0x10001c1c       0x24 CMakeFiles/main.dir/C_/Users/Administrator/.pico-sdk/sdk/2.1.0/src/rp2_common/pico_double/double_aeabi_dcp.S.obj
                0x10001c24                __wrap___aeabi_i2d
 .text.__wrap___aeabi_ui2d
                0x10001c40       0x24 CMakeFiles/main.dir/C_/Users/Administrator/.pico-sdk/sdk/2.1.0/src/rp2_common/pico_double/double_aeabi_dcp.S.obj
                0x10001c48                __wrap___aeabi_ui2d
 .text.__wrap___aeabi_d2iz
                0x10001c64       0x24 CMakeFiles/main.dir/C_/Users/Administrator/.pico-sdk/sdk/2.1.0/src/rp2_common/pico_double/double_aeabi_dcp.S.obj
                0x10001c6c                __wrap___aeabi_d2iz
 .text.__wrap___aeabi_d2uiz
                0x10001c88       0x24 CMakeFiles/main.dir/C_/Users/Administrator/.pico-sdk/sdk/2.1.0/src/rp2_common/pico_double/double_aeabi_dcp.S.obj
                0x10001c90                __wrap___aeabi_d2uiz
 .text.__wrap___aeabi_dcmpun
                0x10001cac       0x24 CMakeFiles/main.dir/C_/Users/Administrator/.pico-sdk/sdk/2.1.0/src/rp2_common/pico_double/double_aeabi_dcp.S.obj
                0x10001cb4                __wrap___aeabi_dcmpun
 .text.__wrap___aeabi_dcmplt
                0x10001cd0       0x28 CMakeFiles/main.dir/C_/Users/Administrator/.pico-sdk/sdk/2.1.0/src/rp2_common/pico_double/double_aeabi_dcp.S.obj
                0x10001cd8                __wrap___aeabi_dcmplt
 .text.__wrap___aeabi_dcmpge
                0x10001cf8       0x28 CMakeFiles/main.dir/C_/Users/Administrator/.pico-sdk/sdk/2.1.0/src/rp2_common/pico_double/double_aeabi_dcp.S.obj
                0x10001d00                __wrap___aeabi_dcmpge
 .text.__wrap___aeabi_dcmpgt
                0x10001d20       0x28 CMakeFiles/main.dir/C_/Users/Administrator/.pico-sdk/sdk/2.1.0/src/rp2_common/pico_double/double_aeabi_dcp.S.obj
                0x10001d28                __wrap___aeabi_dcmpgt
 .text.__wrap_malloc
                0x10001d48       0x38 CMakeFiles/main.dir/C_/Users/Administrator/.pico-sdk/sdk/2.1.0/src/rp2_common/pico_malloc/malloc.c.obj
                0x10001d48                __wrap_malloc
 .text.__wrap_realloc
                0x10001d80       0x3c CMakeFiles/main.dir/C_/Users/Administrator/.pico-sdk/sdk/2.1.0/src/rp2_common/pico_malloc/malloc.c.obj
                0x10001d80                __wrap_realloc
 .text.__wrap_free
                0x10001dbc       0x20 CMakeFiles/main.dir/C_/Users/Administrator/.pico-sdk/sdk/2.1.0/src/rp2_common/pico_malloc/malloc.c.obj
                0x10001dbc                __wrap_free
 .text._out_buffer
                0x10001ddc        0x8 CMakeFiles/main.dir/C_/Users/Administrator/.pico-sdk/sdk/2.1.0/src/rp2_common/pico_printf/printf.c.obj
 .text._out_null
                0x10001de4        0x4 CMakeFiles/main.dir/C_/Users/Administrator/.pico-sdk/sdk/2.1.0/src/rp2_common/pico_printf/printf.c.obj
 .text._out_rev
                0x10001de8       0x9c CMakeFiles/main.dir/C_/Users/Administrator/.pico-sdk/sdk/2.1.0/src/rp2_common/pico_printf/printf.c.obj
 .text._ntoa_format
                0x10001e84      0x2a4 CMakeFiles/main.dir/C_/Users/Administrator/.pico-sdk/sdk/2.1.0/src/rp2_common/pico_printf/printf.c.obj
 .text._out_char
                0x10002128        0x8 CMakeFiles/main.dir/C_/Users/Administrator/.pico-sdk/sdk/2.1.0/src/rp2_common/pico_printf/printf.c.obj
 .text._out_fct
                0x10002130        0xc CMakeFiles/main.dir/C_/Users/Administrator/.pico-sdk/sdk/2.1.0/src/rp2_common/pico_printf/printf.c.obj
 *fill*         0x1000213c        0x4 
 .text._etoa    0x10002140      0x460 CMakeFiles/main.dir/C_/Users/Administrator/.pico-sdk/sdk/2.1.0/src/rp2_common/pico_printf/printf.c.obj
 .text._ftoa    0x100025a0      0x3f4 CMakeFiles/main.dir/C_/Users/Administrator/.pico-sdk/sdk/2.1.0/src/rp2_common/pico_printf/printf.c.obj
 .text._vsnprintf
                0x10002994      0x9e8 CMakeFiles/main.dir/C_/Users/Administrator/.pico-sdk/sdk/2.1.0/src/rp2_common/pico_printf/printf.c.obj
 .text.__wrap_snprintf
                0x1000337c       0x2c CMakeFiles/main.dir/C_/Users/Administrator/.pico-sdk/sdk/2.1.0/src/rp2_common/pico_printf/printf.c.obj
                0x1000337c                __wrap_snprintf
 .text.__wrap_vsnprintf
                0x100033a8       0x24 CMakeFiles/main.dir/C_/Users/Administrator/.pico-sdk/sdk/2.1.0/src/rp2_common/pico_printf/printf.c.obj
                0x100033a8                __wrap_vsnprintf
 .text.vfctprintf
                0x100033cc       0x28 CMakeFiles/main.dir/C_/Users/Administrator/.pico-sdk/sdk/2.1.0/src/rp2_common/pico_printf/printf.c.obj
                0x100033cc                vfctprintf
 .text.weak_raw_vprintf
                0x100033f4       0x30 CMakeFiles/main.dir/C_/Users/Administrator/.pico-sdk/sdk/2.1.0/src/rp2_common/pico_printf/printf.c.obj
                0x100033f4                weak_raw_vprintf
 .text._exit    0x10003424        0x4 CMakeFiles/main.dir/C_/Users/Administrator/.pico-sdk/sdk/2.1.0/src/rp2_common/pico_clib_interface/newlib_interface.c.obj
                0x10003424                _exit
 .text._sbrk    0x10003428       0x2c CMakeFiles/main.dir/C_/Users/Administrator/.pico-sdk/sdk/2.1.0/src/rp2_common/pico_clib_interface/newlib_interface.c.obj
                0x10003428                _sbrk
 .text.exit     0x10003454        0x8 CMakeFiles/main.dir/C_/Users/Administrator/.pico-sdk/sdk/2.1.0/src/rp2_common/pico_clib_interface/newlib_interface.c.obj
                0x10003454                exit
 .text.runtime_init
                0x1000345c       0x24 CMakeFiles/main.dir/C_/Users/Administrator/.pico-sdk/sdk/2.1.0/src/rp2_common/pico_clib_interface/newlib_interface.c.obj
                0x1000345c                runtime_init
 .text.stdio_out_chars_no_crlf
                0x10003480        0x8 CMakeFiles/main.dir/C_/Users/Administrator/.pico-sdk/sdk/2.1.0/src/rp2_common/pico_stdio/stdio.c.obj
 .text.stdio_out_chars_crlf
                0x10003488       0xac CMakeFiles/main.dir/C_/Users/Administrator/.pico-sdk/sdk/2.1.0/src/rp2_common/pico_stdio/stdio.c.obj
 .text.stdio_buffered_printer
                0x10003534       0x60 CMakeFiles/main.dir/C_/Users/Administrator/.pico-sdk/sdk/2.1.0/src/rp2_common/pico_stdio/stdio.c.obj
 .text.stdio_put_string
                0x10003594       0xf0 CMakeFiles/main.dir/C_/Users/Administrator/.pico-sdk/sdk/2.1.0/src/rp2_common/pico_stdio/stdio.c.obj
                0x10003594                stdio_put_string
 .text.stdio_set_driver_enabled
                0x10003684       0x30 CMakeFiles/main.dir/C_/Users/Administrator/.pico-sdk/sdk/2.1.0/src/rp2_common/pico_stdio/stdio.c.obj
                0x10003684                stdio_set_driver_enabled
 .text.stdio_init_all
                0x100036b4       0x10 CMakeFiles/main.dir/C_/Users/Administrator/.pico-sdk/sdk/2.1.0/src/rp2_common/pico_stdio/stdio.c.obj
                0x100036b4                stdio_init_all
 .text.__wrap_putchar
                0x100036c4       0x84 CMakeFiles/main.dir/C_/Users/Administrator/.pico-sdk/sdk/2.1.0/src/rp2_common/pico_stdio/stdio.c.obj
                0x100036c4                __wrap_putchar
                0x100036c4                stdio_putchar
 .text.__wrap_puts
                0x10003748       0x3c CMakeFiles/main.dir/C_/Users/Administrator/.pico-sdk/sdk/2.1.0/src/rp2_common/pico_stdio/stdio.c.obj
                0x10003748                stdio_puts
                0x10003748                __wrap_puts
 .text.__wrap_vprintf
                0x10003784       0xc8 CMakeFiles/main.dir/C_/Users/Administrator/.pico-sdk/sdk/2.1.0/src/rp2_common/pico_stdio/stdio.c.obj
                0x10003784                stdio_vprintf
                0x10003784                __wrap_vprintf
 .text.__wrap_printf
                0x1000384c       0x1c CMakeFiles/main.dir/C_/Users/Administrator/.pico-sdk/sdk/2.1.0/src/rp2_common/pico_stdio/stdio.c.obj
                0x1000384c                __wrap_printf
                0x1000384c                stdio_printf
 .text.stdio_uart_out_chars
                0x10003868       0x50 CMakeFiles/main.dir/C_/Users/Administrator/.pico-sdk/sdk/2.1.0/src/rp2_common/pico_stdio_uart/stdio_uart.c.obj
 .text.stdio_uart_in_chars
                0x100038b8       0x94 CMakeFiles/main.dir/C_/Users/Administrator/.pico-sdk/sdk/2.1.0/src/rp2_common/pico_stdio_uart/stdio_uart.c.obj
                0x100038b8                stdio_uart_in_chars
 .text.on_uart_rx
                0x1000394c       0x24 CMakeFiles/main.dir/C_/Users/Administrator/.pico-sdk/sdk/2.1.0/src/rp2_common/pico_stdio_uart/stdio_uart.c.obj
 .text.stdio_uart_out_flush
                0x10003970       0x10 CMakeFiles/main.dir/C_/Users/Administrator/.pico-sdk/sdk/2.1.0/src/rp2_common/pico_stdio_uart/stdio_uart.c.obj
 .text.stdio_uart_set_chars_available_callback
                0x10003980       0x88 CMakeFiles/main.dir/C_/Users/Administrator/.pico-sdk/sdk/2.1.0/src/rp2_common/pico_stdio_uart/stdio_uart.c.obj
 .text.stdio_uart_init
                0x10003a08       0x54 CMakeFiles/main.dir/C_/Users/Administrator/.pico-sdk/sdk/2.1.0/src/rp2_common/pico_stdio_uart/stdio_uart.c.obj
                0x10003a08                stdio_uart_init
 .text.resetd_init
                0x10003a5c        0x4 CMakeFiles/main.dir/C_/Users/Administrator/.pico-sdk/sdk/2.1.0/src/rp2_common/pico_stdio_usb/reset_interface.c.obj
 .text.resetd_reset
                0x10003a60        0xc CMakeFiles/main.dir/C_/Users/Administrator/.pico-sdk/sdk/2.1.0/src/rp2_common/pico_stdio_usb/reset_interface.c.obj
 .text.resetd_open
                0x10003a6c       0x28 CMakeFiles/main.dir/C_/Users/Administrator/.pico-sdk/sdk/2.1.0/src/rp2_common/pico_stdio_usb/reset_interface.c.obj
 .text.resetd_xfer_cb
                0x10003a94        0x4 CMakeFiles/main.dir/C_/Users/Administrator/.pico-sdk/sdk/2.1.0/src/rp2_common/pico_stdio_usb/reset_interface.c.obj
 .text.resetd_control_xfer_cb
                0x10003a98       0x50 CMakeFiles/main.dir/C_/Users/Administrator/.pico-sdk/sdk/2.1.0/src/rp2_common/pico_stdio_usb/reset_interface.c.obj
 .text.tud_descriptor_bos_cb
                0x10003ae8        0x8 CMakeFiles/main.dir/C_/Users/Administrator/.pico-sdk/sdk/2.1.0/src/rp2_common/pico_stdio_usb/reset_interface.c.obj
                0x10003ae8                tud_descriptor_bos_cb
 .text.tud_vendor_control_xfer_cb
                0x10003af0       0x28 CMakeFiles/main.dir/C_/Users/Administrator/.pico-sdk/sdk/2.1.0/src/rp2_common/pico_stdio_usb/reset_interface.c.obj
                0x10003af0                tud_vendor_control_xfer_cb
 .text.usbd_app_driver_get_cb
                0x10003b18       0x10 CMakeFiles/main.dir/C_/Users/Administrator/.pico-sdk/sdk/2.1.0/src/rp2_common/pico_stdio_usb/reset_interface.c.obj
                0x10003b18                usbd_app_driver_get_cb
 .text.tud_cdc_line_coding_cb
                0x10003b28       0x18 CMakeFiles/main.dir/C_/Users/Administrator/.pico-sdk/sdk/2.1.0/src/rp2_common/pico_stdio_usb/reset_interface.c.obj
                0x10003b28                tud_cdc_line_coding_cb
 .text.stdio_usb_set_chars_available_callback
                0x10003b40       0x14 CMakeFiles/main.dir/C_/Users/Administrator/.pico-sdk/sdk/2.1.0/src/rp2_common/pico_stdio_usb/stdio_usb.c.obj
                0x10003b40                stdio_usb_set_chars_available_callback
 .text.timer_task
                0x10003b54       0x70 CMakeFiles/main.dir/C_/Users/Administrator/.pico-sdk/sdk/2.1.0/src/rp2_common/pico_stdio_usb/stdio_usb.c.obj
 .text.usb_irq  0x10003bc4        0xc CMakeFiles/main.dir/C_/Users/Administrator/.pico-sdk/sdk/2.1.0/src/rp2_common/pico_stdio_usb/stdio_usb.c.obj
 .text.stdio_usb_in_chars
                0x10003bd0       0x88 CMakeFiles/main.dir/C_/Users/Administrator/.pico-sdk/sdk/2.1.0/src/rp2_common/pico_stdio_usb/stdio_usb.c.obj
                0x10003bd0                stdio_usb_in_chars
 .text.stdio_usb_out_flush
                0x10003c58       0x54 CMakeFiles/main.dir/C_/Users/Administrator/.pico-sdk/sdk/2.1.0/src/rp2_common/pico_stdio_usb/stdio_usb.c.obj
 .text.stdio_usb_out_chars
                0x10003cac       0xf4 CMakeFiles/main.dir/C_/Users/Administrator/.pico-sdk/sdk/2.1.0/src/rp2_common/pico_stdio_usb/stdio_usb.c.obj
 .text.low_priority_worker_irq
                0x10003da0       0xd8 CMakeFiles/main.dir/C_/Users/Administrator/.pico-sdk/sdk/2.1.0/src/rp2_common/pico_stdio_usb/stdio_usb.c.obj
 .text.stdio_usb_init
                0x10003e78       0xe4 CMakeFiles/main.dir/C_/Users/Administrator/.pico-sdk/sdk/2.1.0/src/rp2_common/pico_stdio_usb/stdio_usb.c.obj
                0x10003e78                stdio_usb_init
 .text.tud_descriptor_device_cb
                0x10003f5c        0x8 CMakeFiles/main.dir/C_/Users/Administrator/.pico-sdk/sdk/2.1.0/src/rp2_common/pico_stdio_usb/stdio_usb_descriptors.c.obj
                0x10003f5c                tud_descriptor_device_cb
 .text.tud_descriptor_configuration_cb
                0x10003f64        0x8 CMakeFiles/main.dir/C_/Users/Administrator/.pico-sdk/sdk/2.1.0/src/rp2_common/pico_stdio_usb/stdio_usb_descriptors.c.obj
                0x10003f64                tud_descriptor_configuration_cb
 .text.tud_descriptor_string_cb
                0x10003f6c       0x70 CMakeFiles/main.dir/C_/Users/Administrator/.pico-sdk/sdk/2.1.0/src/rp2_common/pico_stdio_usb/stdio_usb_descriptors.c.obj
                0x10003f6c                tud_descriptor_string_cb
 .text.startup._retrieve_unique_id_on_boot
                0x10003fdc       0x30 CMakeFiles/main.dir/C_/Users/Administrator/.pico-sdk/sdk/2.1.0/src/rp2_common/pico_unique_id/unique_id.c.obj
 .text.pico_get_unique_board_id_string
                0x1000400c      0x184 CMakeFiles/main.dir/C_/Users/Administrator/.pico-sdk/sdk/2.1.0/src/rp2_common/pico_unique_id/unique_id.c.obj
                0x1000400c                pico_get_unique_board_id_string
 .text.dcd_init
                0x10004190       0x90 CMakeFiles/main.dir/C_/Users/Administrator/.pico-sdk/sdk/2.1.0/lib/tinyusb/src/portable/raspberrypi/rp2040/dcd_rp2040.c.obj
                0x10004190                dcd_init
 .text.dcd_int_enable
                0x10004220        0x8 CMakeFiles/main.dir/C_/Users/Administrator/.pico-sdk/sdk/2.1.0/lib/tinyusb/src/portable/raspberrypi/rp2040/dcd_rp2040.c.obj
                0x10004220                dcd_int_enable
 .text.dcd_set_address
                0x10004228       0x10 CMakeFiles/main.dir/C_/Users/Administrator/.pico-sdk/sdk/2.1.0/lib/tinyusb/src/portable/raspberrypi/rp2040/dcd_rp2040.c.obj
                0x10004228                dcd_set_address
 .text.dcd_sof_enable
                0x10004238       0x1c CMakeFiles/main.dir/C_/Users/Administrator/.pico-sdk/sdk/2.1.0/lib/tinyusb/src/portable/raspberrypi/rp2040/dcd_rp2040.c.obj
                0x10004238                dcd_sof_enable
 .text.dcd_edpt0_status_complete
                0x10004254       0x1c CMakeFiles/main.dir/C_/Users/Administrator/.pico-sdk/sdk/2.1.0/lib/tinyusb/src/portable/raspberrypi/rp2040/dcd_rp2040.c.obj
                0x10004254                dcd_edpt0_status_complete
 .text.dcd_edpt_open
                0x10004270       0xf8 CMakeFiles/main.dir/C_/Users/Administrator/.pico-sdk/sdk/2.1.0/lib/tinyusb/src/portable/raspberrypi/rp2040/dcd_rp2040.c.obj
                0x10004270                dcd_edpt_open
 .text.dcd_edpt_close_all
                0x10004368        0x4 CMakeFiles/main.dir/C_/Users/Administrator/.pico-sdk/sdk/2.1.0/lib/tinyusb/src/portable/raspberrypi/rp2040/dcd_rp2040.c.obj
                0x10004368                dcd_edpt_close_all
 .text.dcd_edpt_xfer
                0x1000436c       0x28 CMakeFiles/main.dir/C_/Users/Administrator/.pico-sdk/sdk/2.1.0/lib/tinyusb/src/portable/raspberrypi/rp2040/dcd_rp2040.c.obj
                0x1000436c                dcd_edpt_xfer
 .text.dcd_edpt_stall
                0x10004394       0x2c CMakeFiles/main.dir/C_/Users/Administrator/.pico-sdk/sdk/2.1.0/lib/tinyusb/src/portable/raspberrypi/rp2040/dcd_rp2040.c.obj
                0x10004394                dcd_edpt_stall
 .text.dcd_edpt_clear_stall
                0x100043c0       0x2c CMakeFiles/main.dir/C_/Users/Administrator/.pico-sdk/sdk/2.1.0/lib/tinyusb/src/portable/raspberrypi/rp2040/dcd_rp2040.c.obj
                0x100043c0                dcd_edpt_clear_stall
 .text.rp2040_usb_init
                0x100043ec       0x40 CMakeFiles/main.dir/C_/Users/Administrator/.pico-sdk/sdk/2.1.0/lib/tinyusb/src/portable/raspberrypi/rp2040/rp2040_usb.c.obj
                0x100043ec                rp2040_usb_init
 .text.hw_endpoint_xfer_start
                0x1000442c       0x40 CMakeFiles/main.dir/C_/Users/Administrator/.pico-sdk/sdk/2.1.0/lib/tinyusb/src/portable/raspberrypi/rp2040/rp2040_usb.c.obj
                0x1000442c                hw_endpoint_xfer_start
 .text.configuration_reset
                0x1000446c       0x8c CMakeFiles/main.dir/C_/Users/Administrator/.pico-sdk/sdk/2.1.0/lib/tinyusb/src/device/usbd.c.obj
 .text.tud_event_hook_cb
                0x100044f8        0x4 CMakeFiles/main.dir/C_/Users/Administrator/.pico-sdk/sdk/2.1.0/lib/tinyusb/src/device/usbd.c.obj
                0x100044f8                tud_event_hook_cb
 .text.tud_sof_cb
                0x100044fc        0x4 CMakeFiles/main.dir/C_/Users/Administrator/.pico-sdk/sdk/2.1.0/lib/tinyusb/src/device/usbd.c.obj
                0x100044fc                tud_sof_cb
 .text.tud_descriptor_device_qualifier_cb
                0x10004500        0x4 CMakeFiles/main.dir/C_/Users/Administrator/.pico-sdk/sdk/2.1.0/lib/tinyusb/src/device/usbd.c.obj
                0x10004500                tud_descriptor_device_qualifier_cb
 .text.tud_descriptor_other_speed_configuration_cb
                0x10004504        0x4 CMakeFiles/main.dir/C_/Users/Administrator/.pico-sdk/sdk/2.1.0/lib/tinyusb/src/device/usbd.c.obj
                0x10004504                tud_descriptor_other_speed_configuration_cb
 .text.tud_mount_cb
                0x10004508        0x4 CMakeFiles/main.dir/C_/Users/Administrator/.pico-sdk/sdk/2.1.0/lib/tinyusb/src/device/usbd.c.obj
                0x10004508                tud_mount_cb
 .text.tud_umount_cb
                0x1000450c        0x4 CMakeFiles/main.dir/C_/Users/Administrator/.pico-sdk/sdk/2.1.0/lib/tinyusb/src/device/usbd.c.obj
                0x1000450c                tud_umount_cb
 .text.tud_suspend_cb
                0x10004510        0x4 CMakeFiles/main.dir/C_/Users/Administrator/.pico-sdk/sdk/2.1.0/lib/tinyusb/src/device/usbd.c.obj
                0x10004510                tud_suspend_cb
 .text.tud_resume_cb
                0x10004514        0x4 CMakeFiles/main.dir/C_/Users/Administrator/.pico-sdk/sdk/2.1.0/lib/tinyusb/src/device/usbd.c.obj
                0x10004514                tud_resume_cb
 .text.tud_mounted
                0x10004518       0x10 CMakeFiles/main.dir/C_/Users/Administrator/.pico-sdk/sdk/2.1.0/lib/tinyusb/src/device/usbd.c.obj
                0x10004518                tud_mounted
 .text.tud_suspended
                0x10004528       0x10 CMakeFiles/main.dir/C_/Users/Administrator/.pico-sdk/sdk/2.1.0/lib/tinyusb/src/device/usbd.c.obj
                0x10004528                tud_suspended
 .text.tud_init
                0x10004538       0xe8 CMakeFiles/main.dir/C_/Users/Administrator/.pico-sdk/sdk/2.1.0/lib/tinyusb/src/device/usbd.c.obj
                0x10004538                tud_init
 .text.tud_task_ext
                0x10004620      0x784 CMakeFiles/main.dir/C_/Users/Administrator/.pico-sdk/sdk/2.1.0/lib/tinyusb/src/device/usbd.c.obj
                0x10004620                tud_task_ext
 .text.usbd_open_edpt_pair
                0x10004da4       0x9c CMakeFiles/main.dir/C_/Users/Administrator/.pico-sdk/sdk/2.1.0/lib/tinyusb/src/device/usbd.c.obj
                0x10004da4                usbd_open_edpt_pair
 .text.usbd_edpt_open
                0x10004e40       0x44 CMakeFiles/main.dir/C_/Users/Administrator/.pico-sdk/sdk/2.1.0/lib/tinyusb/src/device/usbd.c.obj
                0x10004e40                usbd_edpt_open
 .text.usbd_edpt_claim
                0x10004e84       0x24 CMakeFiles/main.dir/C_/Users/Administrator/.pico-sdk/sdk/2.1.0/lib/tinyusb/src/device/usbd.c.obj
                0x10004e84                usbd_edpt_claim
 .text.usbd_edpt_release
                0x10004ea8       0x24 CMakeFiles/main.dir/C_/Users/Administrator/.pico-sdk/sdk/2.1.0/lib/tinyusb/src/device/usbd.c.obj
                0x10004ea8                usbd_edpt_release
 .text.usbd_edpt_xfer
                0x10004ecc       0x70 CMakeFiles/main.dir/C_/Users/Administrator/.pico-sdk/sdk/2.1.0/lib/tinyusb/src/device/usbd.c.obj
                0x10004ecc                usbd_edpt_xfer
 .text.tud_control_status
                0x10004f3c       0x34 CMakeFiles/main.dir/C_/Users/Administrator/.pico-sdk/sdk/2.1.0/lib/tinyusb/src/device/usbd_control.c.obj
                0x10004f3c                tud_control_status
 .text.tud_control_xfer
                0x10004f70       0xac CMakeFiles/main.dir/C_/Users/Administrator/.pico-sdk/sdk/2.1.0/lib/tinyusb/src/device/usbd_control.c.obj
                0x10004f70                tud_control_xfer
 .text.usbd_control_reset
                0x1000501c       0x14 CMakeFiles/main.dir/C_/Users/Administrator/.pico-sdk/sdk/2.1.0/lib/tinyusb/src/device/usbd_control.c.obj
                0x1000501c                usbd_control_reset
 .text.usbd_control_set_complete_callback
                0x10005030        0xc CMakeFiles/main.dir/C_/Users/Administrator/.pico-sdk/sdk/2.1.0/lib/tinyusb/src/device/usbd_control.c.obj
                0x10005030                usbd_control_set_complete_callback
 .text.usbd_control_set_request
                0x1000503c       0x1c CMakeFiles/main.dir/C_/Users/Administrator/.pico-sdk/sdk/2.1.0/lib/tinyusb/src/device/usbd_control.c.obj
                0x1000503c                usbd_control_set_request
 .text.usbd_control_xfer_cb
                0x10005058       0xfc CMakeFiles/main.dir/C_/Users/Administrator/.pico-sdk/sdk/2.1.0/lib/tinyusb/src/device/usbd_control.c.obj
                0x10005058                usbd_control_xfer_cb
 .text._prep_out_transaction.isra.0
                0x10005154       0x60 CMakeFiles/main.dir/C_/Users/Administrator/.pico-sdk/sdk/2.1.0/lib/tinyusb/src/class/cdc/cdc_device.c.obj
 .text.tud_cdc_n_connected
                0x100051b4       0x2c CMakeFiles/main.dir/C_/Users/Administrator/.pico-sdk/sdk/2.1.0/lib/tinyusb/src/class/cdc/cdc_device.c.obj
                0x100051b4                tud_cdc_n_connected
 .text.tud_cdc_n_available
                0x100051e0       0x18 CMakeFiles/main.dir/C_/Users/Administrator/.pico-sdk/sdk/2.1.0/lib/tinyusb/src/class/cdc/cdc_device.c.obj
                0x100051e0                tud_cdc_n_available
 .text.tud_cdc_n_read
                0x100051f8       0x90 CMakeFiles/main.dir/C_/Users/Administrator/.pico-sdk/sdk/2.1.0/lib/tinyusb/src/class/cdc/cdc_device.c.obj
                0x100051f8                tud_cdc_n_read
 .text.tud_cdc_n_write_flush
                0x10005288       0x8c CMakeFiles/main.dir/C_/Users/Administrator/.pico-sdk/sdk/2.1.0/lib/tinyusb/src/class/cdc/cdc_device.c.obj
                0x10005288                tud_cdc_n_write_flush
 .text.tud_cdc_n_write
                0x10005314       0x40 CMakeFiles/main.dir/C_/Users/Administrator/.pico-sdk/sdk/2.1.0/lib/tinyusb/src/class/cdc/cdc_device.c.obj
                0x10005314                tud_cdc_n_write
 .text.tud_cdc_n_write_available
                0x10005354       0x18 CMakeFiles/main.dir/C_/Users/Administrator/.pico-sdk/sdk/2.1.0/lib/tinyusb/src/class/cdc/cdc_device.c.obj
                0x10005354                tud_cdc_n_write_available
 .text.cdcd_init
                0x1000536c       0x78 CMakeFiles/main.dir/C_/Users/Administrator/.pico-sdk/sdk/2.1.0/lib/tinyusb/src/class/cdc/cdc_device.c.obj
                0x1000536c                cdcd_init
 .text.cdcd_deinit
                0x100053e4       0x2c CMakeFiles/main.dir/C_/Users/Administrator/.pico-sdk/sdk/2.1.0/lib/tinyusb/src/class/cdc/cdc_device.c.obj
                0x100053e4                cdcd_deinit
 .text.cdcd_reset
                0x10005410       0x4c CMakeFiles/main.dir/C_/Users/Administrator/.pico-sdk/sdk/2.1.0/lib/tinyusb/src/class/cdc/cdc_device.c.obj
                0x10005410                cdcd_reset
 .text.cdcd_open
                0x1000545c       0xb4 CMakeFiles/main.dir/C_/Users/Administrator/.pico-sdk/sdk/2.1.0/lib/tinyusb/src/class/cdc/cdc_device.c.obj
                0x1000545c                cdcd_open
 .text.cdcd_control_xfer_cb
                0x10005510       0xc4 CMakeFiles/main.dir/C_/Users/Administrator/.pico-sdk/sdk/2.1.0/lib/tinyusb/src/class/cdc/cdc_device.c.obj
                0x10005510                cdcd_control_xfer_cb
 .text.cdcd_xfer_cb
                0x100055d4       0xfc CMakeFiles/main.dir/C_/Users/Administrator/.pico-sdk/sdk/2.1.0/lib/tinyusb/src/class/cdc/cdc_device.c.obj
                0x100055d4                cdcd_xfer_cb
 .text.vendord_init
                0x100056d0       0x5c CMakeFiles/main.dir/C_/Users/Administrator/.pico-sdk/sdk/2.1.0/lib/tinyusb/src/class/vendor/vendor_device.c.obj
                0x100056d0                vendord_init
 .text.vendord_deinit
                0x1000572c       0x1c CMakeFiles/main.dir/C_/Users/Administrator/.pico-sdk/sdk/2.1.0/lib/tinyusb/src/class/vendor/vendor_device.c.obj
                0x1000572c                vendord_deinit
 .text.vendord_reset
                0x10005748       0x20 CMakeFiles/main.dir/C_/Users/Administrator/.pico-sdk/sdk/2.1.0/lib/tinyusb/src/class/vendor/vendor_device.c.obj
                0x10005748                vendord_reset
 .text.vendord_open
                0x10005768      0x108 CMakeFiles/main.dir/C_/Users/Administrator/.pico-sdk/sdk/2.1.0/lib/tinyusb/src/class/vendor/vendor_device.c.obj
                0x10005768                vendord_open
 .text.vendord_xfer_cb
                0x10005870       0x88 CMakeFiles/main.dir/C_/Users/Administrator/.pico-sdk/sdk/2.1.0/lib/tinyusb/src/class/vendor/vendor_device.c.obj
                0x10005870                vendord_xfer_cb
 .text.tusb_init
                0x100058f8       0x1c CMakeFiles/main.dir/C_/Users/Administrator/.pico-sdk/sdk/2.1.0/lib/tinyusb/src/tusb.c.obj
                0x100058f8                tusb_init
 .text.tu_edpt_claim
                0x10005914       0x54 CMakeFiles/main.dir/C_/Users/Administrator/.pico-sdk/sdk/2.1.0/lib/tinyusb/src/tusb.c.obj
                0x10005914                tu_edpt_claim
 .text.tu_edpt_release
                0x10005968       0x38 CMakeFiles/main.dir/C_/Users/Administrator/.pico-sdk/sdk/2.1.0/lib/tinyusb/src/tusb.c.obj
                0x10005968                tu_edpt_release
 .text.tu_edpt_validate
                0x100059a0       0x64 CMakeFiles/main.dir/C_/Users/Administrator/.pico-sdk/sdk/2.1.0/lib/tinyusb/src/tusb.c.obj
                0x100059a0                tu_edpt_validate
 .text.tu_edpt_bind_driver
                0x10005a04       0x58 CMakeFiles/main.dir/C_/Users/Administrator/.pico-sdk/sdk/2.1.0/lib/tinyusb/src/tusb.c.obj
                0x10005a04                tu_edpt_bind_driver
 .text.tu_edpt_stream_init
                0x10005a5c       0x58 CMakeFiles/main.dir/C_/Users/Administrator/.pico-sdk/sdk/2.1.0/lib/tinyusb/src/tusb.c.obj
                0x10005a5c                tu_edpt_stream_init
 .text.tu_edpt_stream_deinit
                0x10005ab4        0x4 CMakeFiles/main.dir/C_/Users/Administrator/.pico-sdk/sdk/2.1.0/lib/tinyusb/src/tusb.c.obj
                0x10005ab4                tu_edpt_stream_deinit
 .text.tu_edpt_stream_write_zlp_if_needed
                0x10005ab8       0x68 CMakeFiles/main.dir/C_/Users/Administrator/.pico-sdk/sdk/2.1.0/lib/tinyusb/src/tusb.c.obj
                0x10005ab8                tu_edpt_stream_write_zlp_if_needed
 .text.tu_edpt_stream_write_xfer
                0x10005b20       0x70 CMakeFiles/main.dir/C_/Users/Administrator/.pico-sdk/sdk/2.1.0/lib/tinyusb/src/tusb.c.obj
                0x10005b20                tu_edpt_stream_write_xfer
 .text.tu_edpt_stream_read_xfer
                0x10005b90       0xd0 CMakeFiles/main.dir/C_/Users/Administrator/.pico-sdk/sdk/2.1.0/lib/tinyusb/src/tusb.c.obj
                0x10005b90                tu_edpt_stream_read_xfer
 .text.tu_fifo_config
                0x10005c60       0x60 CMakeFiles/main.dir/C_/Users/Administrator/.pico-sdk/sdk/2.1.0/lib/tinyusb/src/common/tusb_fifo.c.obj
                0x10005c60                tu_fifo_config
 .text.tu_fifo_count
                0x10005cc0       0x20 CMakeFiles/main.dir/C_/Users/Administrator/.pico-sdk/sdk/2.1.0/lib/tinyusb/src/common/tusb_fifo.c.obj
                0x10005cc0                tu_fifo_count
 .text.tu_fifo_empty
                0x10005ce0       0x14 CMakeFiles/main.dir/C_/Users/Administrator/.pico-sdk/sdk/2.1.0/lib/tinyusb/src/common/tusb_fifo.c.obj
                0x10005ce0                tu_fifo_empty
 .text.tu_fifo_remaining
                0x10005cf4       0x24 CMakeFiles/main.dir/C_/Users/Administrator/.pico-sdk/sdk/2.1.0/lib/tinyusb/src/common/tusb_fifo.c.obj
                0x10005cf4                tu_fifo_remaining
 .text.tu_fifo_read
                0x10005d18       0x94 CMakeFiles/main.dir/C_/Users/Administrator/.pico-sdk/sdk/2.1.0/lib/tinyusb/src/common/tusb_fifo.c.obj
                0x10005d18                tu_fifo_read
 .text.tu_fifo_read_n
                0x10005dac       0xd8 CMakeFiles/main.dir/C_/Users/Administrator/.pico-sdk/sdk/2.1.0/lib/tinyusb/src/common/tusb_fifo.c.obj
                0x10005dac                tu_fifo_read_n
 .text.tu_fifo_write
                0x10005e84       0xa0 CMakeFiles/main.dir/C_/Users/Administrator/.pico-sdk/sdk/2.1.0/lib/tinyusb/src/common/tusb_fifo.c.obj
                0x10005e84                tu_fifo_write
 .text.tu_fifo_write_n
                0x10005f24      0x158 CMakeFiles/main.dir/C_/Users/Administrator/.pico-sdk/sdk/2.1.0/lib/tinyusb/src/common/tusb_fifo.c.obj
                0x10005f24                tu_fifo_write_n
 .text.tu_fifo_clear
                0x1000607c       0x38 CMakeFiles/main.dir/C_/Users/Administrator/.pico-sdk/sdk/2.1.0/lib/tinyusb/src/common/tusb_fifo.c.obj
                0x1000607c                tu_fifo_clear
 .text.tu_fifo_set_overwritable
                0x100060b4       0x3c CMakeFiles/main.dir/C_/Users/Administrator/.pico-sdk/sdk/2.1.0/lib/tinyusb/src/common/tusb_fifo.c.obj
                0x100060b4                tu_fifo_set_overwritable
 .text.spi_init
                0x100060f0       0xf4 CMakeFiles/main.dir/C_/Users/Administrator/.pico-sdk/sdk/2.1.0/src/rp2_common/hardware_spi/spi.c.obj
                0x100060f0                spi_init
 .text.spi_set_baudrate
                0x100061e4       0x9c CMakeFiles/main.dir/C_/Users/Administrator/.pico-sdk/sdk/2.1.0/src/rp2_common/hardware_spi/spi.c.obj
                0x100061e4                spi_set_baudrate
 .text.spi_get_baudrate
                0x10006280       0x1c CMakeFiles/main.dir/C_/Users/Administrator/.pico-sdk/sdk/2.1.0/src/rp2_common/hardware_spi/spi.c.obj
                0x10006280                spi_get_baudrate
 .text.i2c_read_blocking_internal.constprop.0
                0x1000629c       0x70 CMakeFiles/main.dir/C_/Users/Administrator/.pico-sdk/sdk/2.1.0/src/rp2_common/hardware_i2c/i2c.c.obj
 .text.i2c_write_blocking_internal.constprop.0
                0x1000630c       0x9c CMakeFiles/main.dir/C_/Users/Administrator/.pico-sdk/sdk/2.1.0/src/rp2_common/hardware_i2c/i2c.c.obj
 .text.i2c_set_baudrate
                0x100063a8       0xa8 CMakeFiles/main.dir/C_/Users/Administrator/.pico-sdk/sdk/2.1.0/src/rp2_common/hardware_i2c/i2c.c.obj
                0x100063a8                i2c_set_baudrate
 .text.i2c_init
                0x10006450       0x4c CMakeFiles/main.dir/C_/Users/Administrator/.pico-sdk/sdk/2.1.0/src/rp2_common/hardware_i2c/i2c.c.obj
                0x10006450                i2c_init
 .text.i2c_write_blocking
                0x1000649c       0x10 CMakeFiles/main.dir/C_/Users/Administrator/.pico-sdk/sdk/2.1.0/src/rp2_common/hardware_i2c/i2c.c.obj
                0x1000649c                i2c_write_blocking
 .text.i2c_read_blocking
                0x100064ac       0x10 CMakeFiles/main.dir/C_/Users/Administrator/.pico-sdk/sdk/2.1.0/src/rp2_common/hardware_i2c/i2c.c.obj
                0x100064ac                i2c_read_blocking
 .text.inc_share
                0x100064bc      0x360 CMakeFiles/main.dir/lib/FatFs/ff15/source/ff.c.obj
 .text.dir_clear
                0x1000681c      0x158 CMakeFiles/main.dir/lib/FatFs/ff15/source/ff.c.obj
 .text.init_alloc_info.isra.0
                0x10006974       0x24 CMakeFiles/main.dir/lib/FatFs/ff15/source/ff.c.obj
 .text.get_fileinfo
                0x10006998      0x2f8 CMakeFiles/main.dir/lib/FatFs/ff15/source/ff.c.obj
 .text.sync_fs  0x10006c90       0xd0 CMakeFiles/main.dir/lib/FatFs/ff15/source/ff.c.obj
 .text.move_window
                0x10006d60       0x9c CMakeFiles/main.dir/lib/FatFs/ff15/source/ff.c.obj
 .text.find_bitmap
                0x10006dfc       0x9c CMakeFiles/main.dir/lib/FatFs/ff15/source/ff.c.obj
 .text.put_fat.part.0
                0x10006e98      0x128 CMakeFiles/main.dir/lib/FatFs/ff15/source/ff.c.obj
 .text.get_fat  0x10006fc0      0x144 CMakeFiles/main.dir/lib/FatFs/ff15/source/ff.c.obj
 .text.dir_next.constprop.0
                0x10007104       0xa0 CMakeFiles/main.dir/lib/FatFs/ff15/source/ff.c.obj
 .text.check_fs
                0x100071a4      0x130 CMakeFiles/main.dir/lib/FatFs/ff15/source/ff.c.obj
 .text.mount_volume
                0x100072d4      0x6b4 CMakeFiles/main.dir/lib/FatFs/ff15/source/ff.c.obj
 .text.load_xdir
                0x10007988      0x1ec CMakeFiles/main.dir/lib/FatFs/ff15/source/ff.c.obj
 .text.dir_read.constprop.0
                0x10007b74      0x450 CMakeFiles/main.dir/lib/FatFs/ff15/source/ff.c.obj
 .text.dir_sdi  0x10007fc4      0x220 CMakeFiles/main.dir/lib/FatFs/ff15/source/ff.c.obj
 .text.store_xdir
                0x100081e4      0x200 CMakeFiles/main.dir/lib/FatFs/ff15/source/ff.c.obj
 .text.dir_find
                0x100083e4      0x3e8 CMakeFiles/main.dir/lib/FatFs/ff15/source/ff.c.obj
 .text.follow_path
                0x100087cc      0x468 CMakeFiles/main.dir/lib/FatFs/ff15/source/ff.c.obj
 .text.create_chain
                0x10008c34      0x3a8 CMakeFiles/main.dir/lib/FatFs/ff15/source/ff.c.obj
 .text.dir_alloc
                0x10008fdc      0x1f4 CMakeFiles/main.dir/lib/FatFs/ff15/source/ff.c.obj
 .text.dir_register
                0x100091d0      0xa80 CMakeFiles/main.dir/lib/FatFs/ff15/source/ff.c.obj
 .text.remove_chain
                0x10009c50      0x32c CMakeFiles/main.dir/lib/FatFs/ff15/source/ff.c.obj
 .text.f_mount  0x10009f7c      0x150 CMakeFiles/main.dir/lib/FatFs/ff15/source/ff.c.obj
                0x10009f7c                f_mount
 *fill*         0x1000a0cc        0x4 
 .text.f_open   0x1000a0d0      0x738 CMakeFiles/main.dir/lib/FatFs/ff15/source/ff.c.obj
                0x1000a0d0                f_open
 .text.f_read   0x1000a808      0x254 CMakeFiles/main.dir/lib/FatFs/ff15/source/ff.c.obj
                0x1000a808                f_read
 .text.f_sync   0x1000aa5c      0x240 CMakeFiles/main.dir/lib/FatFs/ff15/source/ff.c.obj
                0x1000aa5c                f_sync
 .text.f_close  0x1000ac9c       0x68 CMakeFiles/main.dir/lib/FatFs/ff15/source/ff.c.obj
                0x1000ac9c                f_close
 .text.f_lseek  0x1000ad04      0x4b0 CMakeFiles/main.dir/lib/FatFs/ff15/source/ff.c.obj
                0x1000ad04                f_lseek
 .text.f_opendir
                0x1000b1b4       0xec CMakeFiles/main.dir/lib/FatFs/ff15/source/ff.c.obj
                0x1000b1b4                f_opendir
 .text.f_closedir
                0x1000b2a0       0x68 CMakeFiles/main.dir/lib/FatFs/ff15/source/ff.c.obj
                0x1000b2a0                f_closedir
 .text.f_readdir
                0x1000b308       0x80 CMakeFiles/main.dir/lib/FatFs/ff15/source/ff.c.obj
                0x1000b308                f_readdir
 .text.ff_memalloc
                0x1000b388        0x4 CMakeFiles/main.dir/lib/FatFs/ff15/source/ffsystem.c.obj
                0x1000b388                ff_memalloc
 .text.ff_memfree
                0x1000b38c        0x4 CMakeFiles/main.dir/lib/FatFs/ff15/source/ffsystem.c.obj
                0x1000b38c                ff_memfree
 .text.ff_uni2oem
                0x1000b390       0x38 CMakeFiles/main.dir/lib/FatFs/ff15/source/ffunicode.c.obj
                0x1000b390                ff_uni2oem
 .text.ff_oem2uni
                0x1000b3c8       0x28 CMakeFiles/main.dir/lib/FatFs/ff15/source/ffunicode.c.obj
                0x1000b3c8                ff_oem2uni
 .text.ff_wtoupper
                0x1000b3f0       0xa8 CMakeFiles/main.dir/lib/FatFs/ff15/source/ffunicode.c.obj
                0x1000b3f0                ff_wtoupper
 .text.dma_irq_add_handler
                0x1000b498       0x90 CMakeFiles/main.dir/lib/FatFs/sd_driver/dma_interrupts.c.obj
                0x1000b498                dma_irq_add_handler
 .text.sd_lock  0x1000b528        0x8 CMakeFiles/main.dir/lib/FatFs/sd_driver/sd_card.c.obj
                0x1000b528                sd_lock
 .text.sd_unlock
                0x1000b530        0x8 CMakeFiles/main.dir/lib/FatFs/sd_driver/sd_card.c.obj
                0x1000b530                sd_unlock
 .text.sd_card_detect
                0x1000b538       0x64 CMakeFiles/main.dir/lib/FatFs/sd_driver/sd_card.c.obj
                0x1000b538                sd_card_detect
 .text.sd_get_drive_prefix
                0x1000b59c       0x10 CMakeFiles/main.dir/lib/FatFs/sd_driver/sd_card.c.obj
                0x1000b59c                sd_get_drive_prefix
 .text.sd_init_driver
                0x1000b5ac       0xe0 CMakeFiles/main.dir/lib/FatFs/sd_driver/sd_card.c.obj
                0x1000b5ac                sd_init_driver
 .text.sdio_start_next_block_tx
                0x1000b68c      0x144 CMakeFiles/main.dir/lib/FatFs/sd_driver/SDIO/rp2040_sdio.c.obj
 .text.rp2040_sdio_stop.isra.0
                0x1000b7d0       0x80 CMakeFiles/main.dir/lib/FatFs/sd_driver/SDIO/rp2040_sdio.c.obj
 .text.sdio_send_command.isra.0
                0x1000b850       0x70 CMakeFiles/main.dir/lib/FatFs/sd_driver/SDIO/rp2040_sdio.c.obj
 .text.sdio_crc16_4bit_checksum
                0x1000b8c0       0xa4 CMakeFiles/main.dir/lib/FatFs/sd_driver/SDIO/rp2040_sdio.c.obj
                0x1000b8c0                sdio_crc16_4bit_checksum
 .text.rp2040_sdio_command_R1
                0x1000b964      0x14c CMakeFiles/main.dir/lib/FatFs/sd_driver/SDIO/rp2040_sdio.c.obj
                0x1000b964                rp2040_sdio_command_R1
 .text.rp2040_sdio_command_R2
                0x1000bab0      0x218 CMakeFiles/main.dir/lib/FatFs/sd_driver/SDIO/rp2040_sdio.c.obj
                0x1000bab0                rp2040_sdio_command_R2
 .text.rp2040_sdio_command_R3
                0x1000bcc8       0x9c CMakeFiles/main.dir/lib/FatFs/sd_driver/SDIO/rp2040_sdio.c.obj
                0x1000bcc8                rp2040_sdio_command_R3
 .text.rp2040_sdio_rx_start
                0x1000bd64      0x184 CMakeFiles/main.dir/lib/FatFs/sd_driver/SDIO/rp2040_sdio.c.obj
                0x1000bd64                rp2040_sdio_rx_start
 .text.rp2040_sdio_rx_poll
                0x1000bee8      0x1b4 CMakeFiles/main.dir/lib/FatFs/sd_driver/SDIO/rp2040_sdio.c.obj
                0x1000bee8                rp2040_sdio_rx_poll
 .text.rp2040_sdio_tx_start
                0x1000c09c       0x78 CMakeFiles/main.dir/lib/FatFs/sd_driver/SDIO/rp2040_sdio.c.obj
                0x1000c09c                rp2040_sdio_tx_start
 .text.rp2040_sdio_tx_poll
                0x1000c114       0x80 CMakeFiles/main.dir/lib/FatFs/sd_driver/SDIO/rp2040_sdio.c.obj
                0x1000c114                rp2040_sdio_tx_poll
 *fill*         0x1000c194        0x4 
 .text.rp2040_sdio_init
                0x1000c198      0x48c CMakeFiles/main.dir/lib/FatFs/sd_driver/SDIO/rp2040_sdio.c.obj
                0x1000c198                rp2040_sdio_init
 .text.sd_sdio_deinit
                0x1000c624       0xd4 CMakeFiles/main.dir/lib/FatFs/sd_driver/SDIO/sd_card_sdio.c.obj
 .text.sd_sdio_test_com
                0x1000c6f8       0x8c CMakeFiles/main.dir/lib/FatFs/sd_driver/SDIO/sd_card_sdio.c.obj
 .text.sd_sdio_sectorCount
                0x1000c784       0xe4 CMakeFiles/main.dir/lib/FatFs/sd_driver/SDIO/sd_card_sdio.c.obj
                0x1000c784                sd_sdio_sectorCount
 .text.sd_sdio_begin
                0x1000c868      0x454 CMakeFiles/main.dir/lib/FatFs/sd_driver/SDIO/sd_card_sdio.c.obj
                0x1000c868                sd_sdio_begin
 .text.sd_sdio_init
                0x1000ccbc       0xf4 CMakeFiles/main.dir/lib/FatFs/sd_driver/SDIO/sd_card_sdio.c.obj
 .text.sd_sdio_stopTransmission
                0x1000cdb0       0xd0 CMakeFiles/main.dir/lib/FatFs/sd_driver/SDIO/sd_card_sdio.c.obj
                0x1000cdb0                sd_sdio_stopTransmission
 .text.sd_sync  0x1000ce80       0x34 CMakeFiles/main.dir/lib/FatFs/sd_driver/SDIO/sd_card_sdio.c.obj
 .text.sd_sdio_writeSector
                0x1000ceb4      0x110 CMakeFiles/main.dir/lib/FatFs/sd_driver/SDIO/sd_card_sdio.c.obj
                0x1000ceb4                sd_sdio_writeSector
 .text.sd_sdio_writeSectors
                0x1000cfc4      0x168 CMakeFiles/main.dir/lib/FatFs/sd_driver/SDIO/sd_card_sdio.c.obj
                0x1000cfc4                sd_sdio_writeSectors
 .text.sd_sdio_write_blocks
                0x1000d12c       0x40 CMakeFiles/main.dir/lib/FatFs/sd_driver/SDIO/sd_card_sdio.c.obj
 .text.sd_sdio_readSector
                0x1000d16c      0x11c CMakeFiles/main.dir/lib/FatFs/sd_driver/SDIO/sd_card_sdio.c.obj
                0x1000d16c                sd_sdio_readSector
 .text.sd_sdio_readSectors
                0x1000d288      0x13c CMakeFiles/main.dir/lib/FatFs/sd_driver/SDIO/sd_card_sdio.c.obj
                0x1000d288                sd_sdio_readSectors
 .text.sd_sdio_read_blocks
                0x1000d3c4       0x40 CMakeFiles/main.dir/lib/FatFs/sd_driver/SDIO/sd_card_sdio.c.obj
 .text.sd_sdio_ctor
                0x1000d404       0x6c CMakeFiles/main.dir/lib/FatFs/sd_driver/SDIO/sd_card_sdio.c.obj
                0x1000d404                sd_sdio_ctor
 .text.calculate_transfer_time_ms
                0x1000d470       0x54 CMakeFiles/main.dir/lib/FatFs/sd_driver/SPI/my_spi.c.obj
                0x1000d470                calculate_transfer_time_ms
 .text.my_spi_init
                0x1000d4c4      0x1f4 CMakeFiles/main.dir/lib/FatFs/sd_driver/SPI/my_spi.c.obj
                0x1000d4c4                my_spi_init
 .text.sd_deinit
                0x1000d6b8       0x2c CMakeFiles/main.dir/lib/FatFs/sd_driver/SPI/sd_card_spi.c.obj
 .text.crc7.constprop.0
                0x1000d6e4       0x30 CMakeFiles/main.dir/lib/FatFs/sd_driver/SPI/sd_card_spi.c.obj
 .text.sd_wait_ready
                0x1000d714       0xa0 CMakeFiles/main.dir/lib/FatFs/sd_driver/SPI/sd_card_spi.c.obj
 .text.sd_cmd_spi
                0x1000d7b4      0x168 CMakeFiles/main.dir/lib/FatFs/sd_driver/SPI/sd_card_spi.c.obj
 .text.sd_spi_test_com
                0x1000d91c      0x180 CMakeFiles/main.dir/lib/FatFs/sd_driver/SPI/sd_card_spi.c.obj
 .text.in_sd_go_idle_state
                0x1000da9c      0x148 CMakeFiles/main.dir/lib/FatFs/sd_driver/SPI/sd_card_spi.c.obj
 .text.read_bytes
                0x1000dbe4      0x16c CMakeFiles/main.dir/lib/FatFs/sd_driver/SPI/sd_card_spi.c.obj
 .text.send_block.constprop.0
                0x1000dd50      0x1e4 CMakeFiles/main.dir/lib/FatFs/sd_driver/SPI/sd_card_spi.c.obj
 .text.in_sd_spi_sectors
                0x1000df34      0x104 CMakeFiles/main.dir/lib/FatFs/sd_driver/SPI/sd_card_spi.c.obj
 .text.sd_spi_sectors
                0x1000e038       0xf4 CMakeFiles/main.dir/lib/FatFs/sd_driver/SPI/sd_card_spi.c.obj
                0x1000e038                sd_spi_sectors
 .text.sd_cmd.constprop.0
                0x1000e12c      0x378 CMakeFiles/main.dir/lib/FatFs/sd_driver/SPI/sd_card_spi.c.obj
 .text.stop_wr_tran
                0x1000e4a4       0x78 CMakeFiles/main.dir/lib/FatFs/sd_driver/SPI/sd_card_spi.c.obj
 .text.sd_sync  0x1000e51c      0x104 CMakeFiles/main.dir/lib/FatFs/sd_driver/SPI/sd_card_spi.c.obj
 .text.send_all_blocks
                0x1000e620       0xcc CMakeFiles/main.dir/lib/FatFs/sd_driver/SPI/sd_card_spi.c.obj
 .text.sd_read_blocks
                0x1000e6ec      0x464 CMakeFiles/main.dir/lib/FatFs/sd_driver/SPI/sd_card_spi.c.obj
 .text.sd_write_blocks
                0x1000eb50      0x278 CMakeFiles/main.dir/lib/FatFs/sd_driver/SPI/sd_card_spi.c.obj
 .text.sd_card_spi_init
                0x1000edc8      0x600 CMakeFiles/main.dir/lib/FatFs/sd_driver/SPI/sd_card_spi.c.obj
                0x1000edc8                sd_card_spi_init
 .text.sd_go_idle_state
                0x1000f3c8       0x8c CMakeFiles/main.dir/lib/FatFs/sd_driver/SPI/sd_card_spi.c.obj
                0x1000f3c8                sd_go_idle_state
 .text.sd_spi_ctor
                0x1000f454       0x74 CMakeFiles/main.dir/lib/FatFs/sd_driver/SPI/sd_card_spi.c.obj
                0x1000f454                sd_spi_ctor
 .text.sd_spi_go_high_frequency
                0x1000f4c8        0xc CMakeFiles/main.dir/lib/FatFs/sd_driver/SPI/sd_spi.c.obj
                0x1000f4c8                sd_spi_go_high_frequency
 .text.sd_spi_go_low_frequency
                0x1000f4d4       0x10 CMakeFiles/main.dir/lib/FatFs/sd_driver/SPI/sd_spi.c.obj
                0x1000f4d4                sd_spi_go_low_frequency
 .text.sd_spi_send_initializing_sequence
                0x1000f4e4       0x8c CMakeFiles/main.dir/lib/FatFs/sd_driver/SPI/sd_spi.c.obj
                0x1000f4e4                sd_spi_send_initializing_sequence
 .text.__NVIC_SystemReset
                0x1000f570       0x24 CMakeFiles/main.dir/lib/FatFs/src/crash.c.obj
 .text.crc7.constprop.0
                0x1000f594       0x24 CMakeFiles/main.dir/lib/FatFs/src/crash.c.obj
 .text.Hardfault_HandlerC
                0x1000f5b8       0x60 CMakeFiles/main.dir/lib/FatFs/src/crash.c.obj
                0x1000f5b8                Hardfault_HandlerC
 .text.HardFault_Handler
                0x1000f618       0x1c CMakeFiles/main.dir/lib/FatFs/src/crash.c.obj
                0x1000f618                HardFault_Handler
 .text.crc16ibm_3740_word.constprop.0
                0x1000f634      0x1bc CMakeFiles/main.dir/lib/FatFs/src/crc.c.obj
 .text.crc16    0x1000f7f0        0x4 CMakeFiles/main.dir/lib/FatFs/src/crc.c.obj
                0x1000f7f0                crc16
 .text.FRESULT_str
                0x1000f7f4       0x18 CMakeFiles/main.dir/lib/FatFs/src/f_util.c.obj
                0x1000f7f4                FRESULT_str
 .text.disk_status
                0x1000f80c       0x18 CMakeFiles/main.dir/lib/FatFs/src/glue.c.obj
                0x1000f80c                disk_status
 .text.disk_initialize
                0x1000f824       0x3c CMakeFiles/main.dir/lib/FatFs/src/glue.c.obj
                0x1000f824                disk_initialize
 .text.disk_read
                0x1000f860       0x70 CMakeFiles/main.dir/lib/FatFs/src/glue.c.obj
                0x1000f860                disk_read
 .text.disk_write
                0x1000f8d0       0x70 CMakeFiles/main.dir/lib/FatFs/src/glue.c.obj
                0x1000f8d0                disk_write
 .text.disk_ioctl
                0x1000f940       0x40 CMakeFiles/main.dir/lib/FatFs/src/glue.c.obj
                0x1000f940                disk_ioctl
 .text.put_out_error_message
                0x1000f980        0x4 CMakeFiles/main.dir/lib/FatFs/src/my_debug.c.obj
                0x1000f980                put_out_error_message
 .text.error_message_printf
                0x1000f984       0x3c CMakeFiles/main.dir/lib/FatFs/src/my_debug.c.obj
                0x1000f984                error_message_printf
 .text.get_fattime
                0x1000f9c0       0x58 CMakeFiles/main.dir/lib/FatFs/src/my_rtc.c.obj
                0x1000f9c0                get_fattime
 .text.sd_get_num
                0x1000fa18        0x4 CMakeFiles/main.dir/lib/FatFs/config/hw_config.c.obj
                0x1000fa18                sd_get_num
 .text.sd_get_by_num
                0x1000fa1c       0x10 CMakeFiles/main.dir/lib/FatFs/config/hw_config.c.obj
                0x1000fa1c                sd_get_by_num
 .text.dma_channel_claim
                0x1000fa2c       0x14 CMakeFiles/main.dir/C_/Users/Administrator/.pico-sdk/sdk/2.1.0/src/rp2_common/hardware_dma/dma.c.obj
                0x1000fa2c                dma_channel_claim
 .text.dma_claim_unused_channel
                0x1000fa40       0x20 CMakeFiles/main.dir/C_/Users/Administrator/.pico-sdk/sdk/2.1.0/src/rp2_common/hardware_dma/dma.c.obj
                0x1000fa40                dma_claim_unused_channel
 .text.pio_claim_unused_sm
                0x1000fa60       0x38 CMakeFiles/main.dir/C_/Users/Administrator/.pico-sdk/sdk/2.1.0/src/rp2_common/hardware_pio/pio.c.obj
                0x1000fa60                pio_claim_unused_sm
 .text.pio_add_program
                0x1000fa98       0xf8 CMakeFiles/main.dir/C_/Users/Administrator/.pico-sdk/sdk/2.1.0/src/rp2_common/hardware_pio/pio.c.obj
                0x1000fa98                pio_add_program
 .text.pio_clear_instruction_memory
                0x1000fb90       0x34 CMakeFiles/main.dir/C_/Users/Administrator/.pico-sdk/sdk/2.1.0/src/rp2_common/hardware_pio/pio.c.obj
                0x1000fb90                pio_clear_instruction_memory
 .text.pio_sm_set_consecutive_pindirs
                0x1000fbc4       0x8c CMakeFiles/main.dir/C_/Users/Administrator/.pico-sdk/sdk/2.1.0/src/rp2_common/hardware_pio/pio.c.obj
                0x1000fbc4                pio_sm_set_consecutive_pindirs
 .text.pio_sm_init
                0x1000fc50      0x124 CMakeFiles/main.dir/C_/Users/Administrator/.pico-sdk/sdk/2.1.0/src/rp2_common/hardware_pio/pio.c.obj
                0x1000fc50                pio_sm_init
 .text.aon_timer_get_time
                0x1000fd74       0x14 CMakeFiles/main.dir/C_/Users/Administrator/.pico-sdk/sdk/2.1.0/src/rp2_common/pico_aon_timer/aon_timer.c.obj
                0x1000fd74                aon_timer_get_time
 .text.aon_timer_is_running
                0x1000fd88       0x10 CMakeFiles/main.dir/C_/Users/Administrator/.pico-sdk/sdk/2.1.0/src/rp2_common/pico_aon_timer/aon_timer.c.obj
                0x1000fd88                aon_timer_is_running
 .text.powman_timer_get_ms
                0x1000fd98       0x14 CMakeFiles/main.dir/C_/Users/Administrator/.pico-sdk/sdk/2.1.0/src/rp2_common/hardware_powman/powman.c.obj
                0x1000fd98                powman_timer_get_ms
 .text.startup.SystemInit
                0x1000fdac       0x14 CMakeFiles/main.dir/C_/Users/Administrator/.pico-sdk/sdk/2.1.0/src/rp2_common/cmsis/stub/CMSIS/Device/RP2350/Source/system_RP2350.c.obj
                0x1000fdac                SystemInit
 .text.core1_trampoline
                0x1000fdc0        0x4 CMakeFiles/main.dir/C_/Users/Administrator/.pico-sdk/sdk/2.1.0/src/rp2_common/pico_multicore/multicore.c.obj
 .text.core1_wrapper
                0x1000fdc4       0x10 CMakeFiles/main.dir/C_/Users/Administrator/.pico-sdk/sdk/2.1.0/src/rp2_common/pico_multicore/multicore.c.obj
                0x1000fdc4                core1_wrapper
 .text.multicore_launch_core1_raw
                0x1000fdd4       0x88 CMakeFiles/main.dir/C_/Users/Administrator/.pico-sdk/sdk/2.1.0/src/rp2_common/pico_multicore/multicore.c.obj
                0x1000fdd4                multicore_launch_core1_raw
 .text.multicore_launch_core1
                0x1000fe5c       0x48 CMakeFiles/main.dir/C_/Users/Administrator/.pico-sdk/sdk/2.1.0/src/rp2_common/pico_multicore/multicore.c.obj
                0x1000fe5c                multicore_launch_core1
 .text.show_image
                0x1000fea4      0x268 examples/libexamples.a(LCD_2in25_test.c.obj)
 .text.scan_bmp_files
                0x1001010c      0x10c examples/libexamples.a(LCD_2in25_test.c.obj)
 .text.LCD_2in25_test
                0x10010218      0x824 examples/libexamples.a(LCD_2in25_test.c.obj)
                0x10010218                LCD_2in25_test
 .text.LCD_2IN25_Init
                0x10010a3c      0x7d4 lib/LCD/libLCD.a(LCD_2in25.c.obj)
                0x10010a3c                LCD_2IN25_Init
 .text.LCD_2IN25_TurnOnDisplay
                0x10011210       0x30 lib/LCD/libLCD.a(LCD_2in25.c.obj)
                0x10011210                LCD_2IN25_TurnOnDisplay
 .text.LCD_2IN25_Display
                0x10011240      0x1c0 lib/LCD/libLCD.a(LCD_2in25.c.obj)
                0x10011240                LCD_2IN25_Display
 .text.icm20948Check
                0x10011400       0x18 lib/Icm20948/libIcm20948.a(icm20948.c.obj)
                0x10011400                icm20948Check
 .text.icm20948GyroRead
                0x10011418      0x16c lib/Icm20948/libIcm20948.a(icm20948.c.obj)
                0x10011418                icm20948GyroRead
 .text.icm20948AccelRead
                0x10011584      0x144 lib/Icm20948/libIcm20948.a(icm20948.c.obj)
                0x10011584                icm20948AccelRead
 .text.icm20948WriteSecondary
                0x100116c8       0x98 lib/Icm20948/libIcm20948.a(icm20948.c.obj)
                0x100116c8                icm20948WriteSecondary
 .text.icm20948MagCheck
                0x10011760       0xac lib/Icm20948/libIcm20948.a(icm20948.c.obj)
                0x10011760                icm20948MagCheck
 .text.icm20948init
                0x1001180c       0xc8 lib/Icm20948/libIcm20948.a(icm20948.c.obj)
                0x1001180c                icm20948init
 .text.QMI8658_config_acc
                0x100118d4       0x84 lib/QMI8658/libQMI8658.a(QMI8658.c.obj)
                0x100118d4                QMI8658_config_acc
 .text.QMI8658_config_gyro
                0x10011958       0xb0 lib/QMI8658/libQMI8658.a(QMI8658.c.obj)
                0x10011958                QMI8658_config_gyro
 .text.QMI8658_config_ae
                0x10011a08       0x64 lib/QMI8658/libQMI8658.a(QMI8658.c.obj)
                0x10011a08                QMI8658_config_ae
 .text.QMI8658_read_xyz
                0x10011a6c      0x118 lib/QMI8658/libQMI8658.a(QMI8658.c.obj)
                0x10011a6c                QMI8658_read_xyz
 .text.QMI8658_Config_apply
                0x10011b84       0x94 lib/QMI8658/libQMI8658.a(QMI8658.c.obj)
                0x10011b84                QMI8658_Config_apply
 .text.QMI8658_init
                0x10011c18      0x194 lib/QMI8658/libQMI8658.a(QMI8658.c.obj)
                0x10011c18                QMI8658_init
 .text.Paint_SetPixel.part.0
                0x10011dac      0x128 lib/GUI/libGUI.a(GUI_Paint.c.obj)
 .text.Paint_DrawChar.part.0
                0x10011ed4      0x16c lib/GUI/libGUI.a(GUI_Paint.c.obj)
 .text.Paint_DrawPoint.constprop.1
                0x10012040      0x2a8 lib/GUI/libGUI.a(GUI_Paint.c.obj)
 .text.Paint_DrawLine.part.0
                0x100122e8      0x3a4 lib/GUI/libGUI.a(GUI_Paint.c.obj)
 .text.Paint_NewImage
                0x1001268c       0x48 lib/GUI/libGUI.a(GUI_Paint.c.obj)
                0x1001268c                Paint_NewImage
 .text.Paint_SetRotate
                0x100126d4       0x1c lib/GUI/libGUI.a(GUI_Paint.c.obj)
                0x100126d4                Paint_SetRotate
 .text.Paint_SetScale
                0x100126f0       0x5c lib/GUI/libGUI.a(GUI_Paint.c.obj)
                0x100126f0                Paint_SetScale
 .text.Paint_SetPixel
                0x1001274c      0x134 lib/GUI/libGUI.a(GUI_Paint.c.obj)
                0x1001274c                Paint_SetPixel
 .text.Paint_Clear
                0x10012880       0xe4 lib/GUI/libGUI.a(GUI_Paint.c.obj)
                0x10012880                Paint_Clear
 .text.Paint_DrawRectangle
                0x10012964      0x100 lib/GUI/libGUI.a(GUI_Paint.c.obj)
                0x10012964                Paint_DrawRectangle
 .text.Paint_DrawString_EN
                0x10012a64       0x98 lib/GUI/libGUI.a(GUI_Paint.c.obj)
                0x10012a64                Paint_DrawString_EN
 .text.DEV_Digital_Write
                0x10012afc        0xc lib/Config/libConfig.a(DEV_Config.c.obj)
                0x10012afc                DEV_Digital_Write
 .text.DEV_SPI_WriteByte
                0x10012b08       0x20 lib/Config/libConfig.a(DEV_Config.c.obj)
                0x10012b08                DEV_SPI_WriteByte
 .text.DEV_SPI_Write_nByte
                0x10012b28       0x10 lib/Config/libConfig.a(DEV_Config.c.obj)
                0x10012b28                DEV_SPI_Write_nByte
 .text.DEV_I2C_Write
                0x10012b38       0x2c lib/Config/libConfig.a(DEV_Config.c.obj)
                0x10012b38                DEV_I2C_Write
 .text.DEV_I2C_ReadByte
                0x10012b64       0x3c lib/Config/libConfig.a(DEV_Config.c.obj)
                0x10012b64                DEV_I2C_ReadByte
 .text.DEV_I2C_Write_Byte
                0x10012ba0       0x2c lib/Config/libConfig.a(DEV_Config.c.obj)
                0x10012ba0                DEV_I2C_Write_Byte
 .text.DEV_I2C_Read_nByte
                0x10012bcc       0x44 lib/Config/libConfig.a(DEV_Config.c.obj)
                0x10012bcc                DEV_I2C_Read_nByte
 .text.DEV_Delay_ms
                0x10012c10        0x4 lib/Config/libConfig.a(DEV_Config.c.obj)
                0x10012c10                DEV_Delay_ms
 .text.DEV_GPIO_Init
                0x10012c14       0x7c lib/Config/libConfig.a(DEV_Config.c.obj)
                0x10012c14                DEV_GPIO_Init
 .text.DEV_Module_Init
                0x10012c90      0x110 lib/Config/libConfig.a(DEV_Config.c.obj)
                0x10012c90                DEV_Module_Init
 .text.DEV_SET_PWM
                0x10012da0       0x54 lib/Config/libConfig.a(DEV_Config.c.obj)
                0x10012da0                DEV_SET_PWM
 .text.RGB_Init
                0x10012df4       0xdc lib/RGB/libRGB.a(RGB.c.obj)
                0x10012df4                RGB_Init
 .text.RGB_BreatheTask
                0x10012ed0       0xe4 lib/RGB/libRGB.a(RGB.c.obj)
                0x10012ed0                RGB_BreatheTask
 .text.rgb_core1_entry
                0x10012fb4        0xc lib/RGB/libRGB.a(RGB.c.obj)
 .text.RGB_Start
                0x10012fc0        0xc lib/RGB/libRGB.a(RGB.c.obj)
                0x10012fc0                RGB_Start
 .text.malloc   0x10012fcc       0x10 C:/Users/Administrator/.pico-sdk/toolchain/13_3_Rel1/bin/../lib/gcc/arm-none-eabi/13.3.1/thumb/v8-m.main+fp/softfp\libg.a(libc_a-malloc.o)
                0x10012fcc                malloc
 .text.free     0x10012fdc       0x10 C:/Users/Administrator/.pico-sdk/toolchain/13_3_Rel1/bin/../lib/gcc/arm-none-eabi/13.3.1/thumb/v8-m.main+fp/softfp\libg.a(libc_a-malloc.o)
                0x10012fdc                free
 .text._malloc_r
                0x10012fec      0x554 C:/Users/Administrator/.pico-sdk/toolchain/13_3_Rel1/bin/../lib/gcc/arm-none-eabi/13.3.1/thumb/v8-m.main+fp/softfp\libg.a(libc_a-mallocr.o)
                0x10012fec                _malloc_r
 .text.__malloc_lock
                0x10013540        0xc C:/Users/Administrator/.pico-sdk/toolchain/13_3_Rel1/bin/../lib/gcc/arm-none-eabi/13.3.1/thumb/v8-m.main+fp/softfp\libg.a(libc_a-mlock.o)
                0x10013540                __malloc_lock
 .text.__malloc_unlock
                0x1001354c        0xc C:/Users/Administrator/.pico-sdk/toolchain/13_3_Rel1/bin/../lib/gcc/arm-none-eabi/13.3.1/thumb/v8-m.main+fp/softfp\libg.a(libc_a-mlock.o)
                0x1001354c                __malloc_unlock
 .text.realloc  0x10013558       0x10 C:/Users/Administrator/.pico-sdk/toolchain/13_3_Rel1/bin/../lib/gcc/arm-none-eabi/13.3.1/thumb/v8-m.main+fp/softfp\libg.a(libc_a-realloc.o)
                0x10013558                realloc
 .text._realloc_r
                0x10013568      0x370 C:/Users/Administrator/.pico-sdk/toolchain/13_3_Rel1/bin/../lib/gcc/arm-none-eabi/13.3.1/thumb/v8-m.main+fp/softfp\libg.a(libc_a-reallocr.o)
                0x10013568                _realloc_r
 .text._strtol_l.part.0
                0x100138d8      0x10c C:/Users/Administrator/.pico-sdk/toolchain/13_3_Rel1/bin/../lib/gcc/arm-none-eabi/13.3.1/thumb/v8-m.main+fp/softfp\libg.a(libc_a-strtol.o)
 .text._strtol_r
                0x100139e4       0x1c C:/Users/Administrator/.pico-sdk/toolchain/13_3_Rel1/bin/../lib/gcc/arm-none-eabi/13.3.1/thumb/v8-m.main+fp/softfp\libg.a(libc_a-strtol.o)
                0x100139e4                _strtol_r
 .text.memcmp   0x10013a00       0x5c C:/Users/Administrator/.pico-sdk/toolchain/13_3_Rel1/bin/../lib/gcc/arm-none-eabi/13.3.1/thumb/v8-m.main+fp/softfp\libg.a(libc_a-memcmp.o)
                0x10013a00                memcmp
 .text.memmove  0x10013a5c      0x100 C:/Users/Administrator/.pico-sdk/toolchain/13_3_Rel1/bin/../lib/gcc/arm-none-eabi/13.3.1/thumb/v8-m.main+fp/softfp\libg.a(libc_a-memmove.o)
                0x10013a5c                memmove
 .text.memset   0x10013b5c       0xa4 C:/Users/Administrator/.pico-sdk/toolchain/13_3_Rel1/bin/../lib/gcc/arm-none-eabi/13.3.1/thumb/v8-m.main+fp/softfp\libg.a(libc_a-memset.o)
                0x10013b5c                memset
 .text.strchr   0x10013c00       0xd0 C:/Users/Administrator/.pico-sdk/toolchain/13_3_Rel1/bin/../lib/gcc/arm-none-eabi/13.3.1/thumb/v8-m.main+fp/softfp\libg.a(libc_a-strchr.o)
                0x10013c00                strchr
 .text.strncpy  0x10013cd0       0x64 C:/Users/Administrator/.pico-sdk/toolchain/13_3_Rel1/bin/../lib/gcc/arm-none-eabi/13.3.1/thumb/v8-m.main+fp/softfp\libg.a(libc_a-strncpy.o)
                0x10013cd0                strncpy
 .text.localtime_r
                0x10013d34      0x244 C:/Users/Administrator/.pico-sdk/toolchain/13_3_Rel1/bin/../lib/gcc/arm-none-eabi/13.3.1/thumb/v8-m.main+fp/softfp\libg.a(libc_a-lcltime_r.o)
                0x10013d34                localtime_r
 .text.__tzcalc_limits
                0x10013f78      0x1b0 C:/Users/Administrator/.pico-sdk/toolchain/13_3_Rel1/bin/../lib/gcc/arm-none-eabi/13.3.1/thumb/v8-m.main+fp/softfp\libg.a(libc_a-tzcalc_limits.o)
                0x10013f78                __tzcalc_limits
 .text.__tz_lock
                0x10014128        0xc C:/Users/Administrator/.pico-sdk/toolchain/13_3_Rel1/bin/../lib/gcc/arm-none-eabi/13.3.1/thumb/v8-m.main+fp/softfp\libg.a(libc_a-tzlock.o)
                0x10014128                __tz_lock
 .text.__tz_unlock
                0x10014134        0xc C:/Users/Administrator/.pico-sdk/toolchain/13_3_Rel1/bin/../lib/gcc/arm-none-eabi/13.3.1/thumb/v8-m.main+fp/softfp\libg.a(libc_a-tzlock.o)
                0x10014134                __tz_unlock
 .text._tzset_unlocked
                0x10014140        0xc C:/Users/Administrator/.pico-sdk/toolchain/13_3_Rel1/bin/../lib/gcc/arm-none-eabi/13.3.1/thumb/v8-m.main+fp/softfp\libg.a(libc_a-tzset.o)
                0x10014140                _tzset_unlocked
 .text._tzset_unlocked_r
                0x1001414c      0x488 C:/Users/Administrator/.pico-sdk/toolchain/13_3_Rel1/bin/../lib/gcc/arm-none-eabi/13.3.1/thumb/v8-m.main+fp/softfp\libg.a(libc_a-tzset_r.o)
                0x1001414c                _tzset_unlocked_r
 .text._sbrk_r  0x100145d4       0x24 C:/Users/Administrator/.pico-sdk/toolchain/13_3_Rel1/bin/../lib/gcc/arm-none-eabi/13.3.1/thumb/v8-m.main+fp/softfp\libg.a(libc_a-sbrkr.o)
                0x100145d4                _sbrk_r
 .text.__errno  0x100145f8        0xc C:/Users/Administrator/.pico-sdk/toolchain/13_3_Rel1/bin/../lib/gcc/arm-none-eabi/13.3.1/thumb/v8-m.main+fp/softfp\libg.a(libc_a-errno.o)
                0x100145f8                __errno
 .text.__retarget_lock_acquire
                0x10014604        0x4 C:/Users/Administrator/.pico-sdk/toolchain/13_3_Rel1/bin/../lib/gcc/arm-none-eabi/13.3.1/thumb/v8-m.main+fp/softfp\libg.a(libc_a-lock.o)
                0x10014604                __retarget_lock_acquire
 .text.__retarget_lock_acquire_recursive
                0x10014608        0x4 C:/Users/Administrator/.pico-sdk/toolchain/13_3_Rel1/bin/../lib/gcc/arm-none-eabi/13.3.1/thumb/v8-m.main+fp/softfp\libg.a(libc_a-lock.o)
                0x10014608                __retarget_lock_acquire_recursive
 .text.__retarget_lock_release
                0x1001460c        0x4 C:/Users/Administrator/.pico-sdk/toolchain/13_3_Rel1/bin/../lib/gcc/arm-none-eabi/13.3.1/thumb/v8-m.main+fp/softfp\libg.a(libc_a-lock.o)
                0x1001460c                __retarget_lock_release
 .text.__retarget_lock_release_recursive
                0x10014610        0x4 C:/Users/Administrator/.pico-sdk/toolchain/13_3_Rel1/bin/../lib/gcc/arm-none-eabi/13.3.1/thumb/v8-m.main+fp/softfp\libg.a(libc_a-lock.o)
                0x10014610                __retarget_lock_release_recursive
 .text.sysconf  0x10014614       0x1c C:/Users/Administrator/.pico-sdk/toolchain/13_3_Rel1/bin/../lib/gcc/arm-none-eabi/13.3.1/thumb/v8-m.main+fp/softfp\libg.a(libc_a-sysconf.o)
                0x10014614                sysconf
 .text          0x10014630      0x1bc C:/Users/Administrator/.pico-sdk/toolchain/13_3_Rel1/bin/../lib/gcc/arm-none-eabi/13.3.1/thumb/v8-m.main+fp/softfp\libg.a(libc_a-strcmp.o)
                0x10014630                strcmp
 .text.strcpy   0x100147ec       0xbc C:/Users/Administrator/.pico-sdk/toolchain/13_3_Rel1/bin/../lib/gcc/arm-none-eabi/13.3.1/thumb/v8-m.main+fp/softfp\libg.a(libc_a-strcpy.o)
                0x100147ec                strcpy
 .text          0x100148a8       0xec C:/Users/Administrator/.pico-sdk/toolchain/13_3_Rel1/bin/../lib/gcc/arm-none-eabi/13.3.1/thumb/v8-m.main+fp/softfp\libg.a(libc_a-memcpy.o)
                0x100148a8                memcpy
 .text.strlen   0x10014994       0x5c C:/Users/Administrator/.pico-sdk/toolchain/13_3_Rel1/bin/../lib/gcc/arm-none-eabi/13.3.1/thumb/v8-m.main+fp/softfp\libg.a(libc_a-strlen-stub.o)
                0x10014994                strlen
 .text._malloc_trim_r
                0x100149f0       0xb8 C:/Users/Administrator/.pico-sdk/toolchain/13_3_Rel1/bin/../lib/gcc/arm-none-eabi/13.3.1/thumb/v8-m.main+fp/softfp\libg.a(libc_a-freer.o)
                0x100149f0                _malloc_trim_r
 .text._free_r  0x10014aa8      0x1f8 C:/Users/Administrator/.pico-sdk/toolchain/13_3_Rel1/bin/../lib/gcc/arm-none-eabi/13.3.1/thumb/v8-m.main+fp/softfp\libg.a(libc_a-freer.o)
                0x10014aa8                _free_r
 .text._findenv_r
                0x10014ca0       0x80 C:/Users/Administrator/.pico-sdk/toolchain/13_3_Rel1/bin/../lib/gcc/arm-none-eabi/13.3.1/thumb/v8-m.main+fp/softfp\libg.a(libc_a-getenv_r.o)
                0x10014ca0                _findenv_r
 .text._getenv_r
                0x10014d20       0x10 C:/Users/Administrator/.pico-sdk/toolchain/13_3_Rel1/bin/../lib/gcc/arm-none-eabi/13.3.1/thumb/v8-m.main+fp/softfp\libg.a(libc_a-getenv_r.o)
                0x10014d20                _getenv_r
 .text._strtoul_l.isra.0
                0x10014d30      0x128 C:/Users/Administrator/.pico-sdk/toolchain/13_3_Rel1/bin/../lib/gcc/arm-none-eabi/13.3.1/thumb/v8-m.main+fp/softfp\libg.a(libc_a-strtoul.o)
 .text._strtoul_r
                0x10014e58        0x4 C:/Users/Administrator/.pico-sdk/toolchain/13_3_Rel1/bin/../lib/gcc/arm-none-eabi/13.3.1/thumb/v8-m.main+fp/softfp\libg.a(libc_a-strtoul.o)
                0x10014e58                _strtoul_r
 .text.strtoul  0x10014e5c       0x18 C:/Users/Administrator/.pico-sdk/toolchain/13_3_Rel1/bin/../lib/gcc/arm-none-eabi/13.3.1/thumb/v8-m.main+fp/softfp\libg.a(libc_a-strtoul.o)
                0x10014e5c                strtoul
 .text.siscanf  0x10014e74       0x58 C:/Users/Administrator/.pico-sdk/toolchain/13_3_Rel1/bin/../lib/gcc/arm-none-eabi/13.3.1/thumb/v8-m.main+fp/softfp\libg.a(libc_a-siscanf.o)
                0x10014e74                siscanf
 .text._sungetc_r
                0x10014ecc       0x7c C:/Users/Administrator/.pico-sdk/toolchain/13_3_Rel1/bin/../lib/gcc/arm-none-eabi/13.3.1/thumb/v8-m.main+fp/softfp\libg.a(libc_a-svfiscanf.o)
                0x10014ecc                _sungetc_r
 .text._sfread_r
                0x10014f48       0xa4 C:/Users/Administrator/.pico-sdk/toolchain/13_3_Rel1/bin/../lib/gcc/arm-none-eabi/13.3.1/thumb/v8-m.main+fp/softfp\libg.a(libc_a-svfiscanf.o)
                0x10014f48                _sfread_r
 .text.__ssvfiscanf_r
                0x10014fec     0x161c C:/Users/Administrator/.pico-sdk/toolchain/13_3_Rel1/bin/../lib/gcc/arm-none-eabi/13.3.1/thumb/v8-m.main+fp/softfp\libg.a(libc_a-svfiscanf.o)
                0x10014fec                __ssvfiscanf_r
 .text.__sccl   0x10016608       0xa0 C:/Users/Administrator/.pico-sdk/toolchain/13_3_Rel1/bin/../lib/gcc/arm-none-eabi/13.3.1/thumb/v8-m.main+fp/softfp\libg.a(libc_a-sccl.o)
                0x10016608                __sccl
 .text.__seofread
                0x100166a8        0x4 C:/Users/Administrator/.pico-sdk/toolchain/13_3_Rel1/bin/../lib/gcc/arm-none-eabi/13.3.1/thumb/v8-m.main+fp/softfp\libg.a(libc_a-stdio.o)