Compiling the C compiler identification source file "CMakeCCompilerId.c" failed.
Compiler: C:/Users/Administrator/.pico-sdk/toolchain/13_3_Rel1/bin/arm-none-eabi-gcc.exe 
Build flags: -mcpu=cortex-m33;-mthumb;-march=armv8-m.main+fp+dsp;-mfloat-abi=softfp;-mcmse
Id flags:  

The output was:
1
C:/Users/Administrator/.pico-sdk/toolchain/13_3_Rel1/bin/../lib/gcc/arm-none-eabi/13.3.1/../../../../arm-none-eabi/bin/ld.exe: C:/Users/Administrator/.pico-sdk/toolchain/13_3_Rel1/bin/../lib/gcc/arm-none-eabi/13.3.1/thumb/v8-m.main+fp/softfp\libc.a(libc_a-exit.o): in function `exit':
exit.c:(.text.exit+0x14): undefined reference to `_exit'
C:/Users/Administrator/.pico-sdk/toolchain/13_3_Rel1/bin/../lib/gcc/arm-none-eabi/13.3.1/../../../../arm-none-eabi/bin/ld.exe: C:/Users/Administrator/.pico-sdk/toolchain/13_3_Rel1/bin/../lib/gcc/arm-none-eabi/13.3.1/thumb/v8-m.main+fp/softfp\libc.a(libc_a-closer.o): in function `_close_r':
closer.c:(.text._close_r+0xc): undefined reference to `_close'
C:/Users/Administrator/.pico-sdk/toolchain/13_3_Rel1/bin/../lib/gcc/arm-none-eabi/13.3.1/../../../../arm-none-eabi/bin/ld.exe: C:/Users/Administrator/.pico-sdk/toolchain/13_3_Rel1/bin/../lib/gcc/arm-none-eabi/13.3.1/thumb/v8-m.main+fp/softfp\libc.a(libc_a-lseekr.o): in function `_lseek_r':
lseekr.c:(.text._lseek_r+0x14): undefined reference to `_lseek'
C:/Users/Administrator/.pico-sdk/toolchain/13_3_Rel1/bin/../lib/gcc/arm-none-eabi/13.3.1/../../../../arm-none-eabi/bin/ld.exe: C:/Users/Administrator/.pico-sdk/toolchain/13_3_Rel1/bin/../lib/gcc/arm-none-eabi/13.3.1/thumb/v8-m.main+fp/softfp\libc.a(libc_a-readr.o): in function `_read_r':
readr.c:(.text._read_r+0x14): undefined reference to `_read'
C:/Users/Administrator/.pico-sdk/toolchain/13_3_Rel1/bin/../lib/gcc/arm-none-eabi/13.3.1/../../../../arm-none-eabi/bin/ld.exe: C:/Users/Administrator/.pico-sdk/toolchain/13_3_Rel1/bin/../lib/gcc/arm-none-eabi/13.3.1/thumb/v8-m.main+fp/softfp\libc.a(libc_a-writer.o): in function `_write_r':
writer.c:(.text._write_r+0x14): undefined reference to `_write'
C:/Users/Administrator/.pico-sdk/toolchain/13_3_Rel1/bin/../lib/gcc/arm-none-eabi/13.3.1/../../../../arm-none-eabi/bin/ld.exe: C:/Users/Administrator/.pico-sdk/toolchain/13_3_Rel1/bin/../lib/gcc/arm-none-eabi/13.3.1/thumb/v8-m.main+fp/softfp\libc.a(libc_a-sbrkr.o): in function `_sbrk_r':
sbrkr.c:(.text._sbrk_r+0xc): undefined reference to `_sbrk'
collect2.exe: error: ld returned 1 exit status


Compiling the CXX compiler identification source file "CMakeCXXCompilerId.cpp" failed.
Compiler: C:/Users/Administrator/.pico-sdk/toolchain/13_3_Rel1/bin/arm-none-eabi-g++.exe 
Build flags: -mcpu=cortex-m33;-mthumb;-march=armv8-m.main+fp+dsp;-mfloat-abi=softfp;-mcmse
Id flags:  

The output was:
1
C:/Users/Administrator/.pico-sdk/toolchain/13_3_Rel1/bin/../lib/gcc/arm-none-eabi/13.3.1/../../../../arm-none-eabi/bin/ld.exe: C:/Users/Administrator/.pico-sdk/toolchain/13_3_Rel1/bin/../lib/gcc/arm-none-eabi/13.3.1/thumb/v8-m.main+fp/softfp\libc.a(libc_a-exit.o): in function `exit':
exit.c:(.text.exit+0x14): undefined reference to `_exit'
C:/Users/Administrator/.pico-sdk/toolchain/13_3_Rel1/bin/../lib/gcc/arm-none-eabi/13.3.1/../../../../arm-none-eabi/bin/ld.exe: C:/Users/Administrator/.pico-sdk/toolchain/13_3_Rel1/bin/../lib/gcc/arm-none-eabi/13.3.1/thumb/v8-m.main+fp/softfp\libc.a(libc_a-closer.o): in function `_close_r':
closer.c:(.text._close_r+0xc): undefined reference to `_close'
C:/Users/Administrator/.pico-sdk/toolchain/13_3_Rel1/bin/../lib/gcc/arm-none-eabi/13.3.1/../../../../arm-none-eabi/bin/ld.exe: C:/Users/Administrator/.pico-sdk/toolchain/13_3_Rel1/bin/../lib/gcc/arm-none-eabi/13.3.1/thumb/v8-m.main+fp/softfp\libc.a(libc_a-lseekr.o): in function `_lseek_r':
lseekr.c:(.text._lseek_r+0x14): undefined reference to `_lseek'
C:/Users/Administrator/.pico-sdk/toolchain/13_3_Rel1/bin/../lib/gcc/arm-none-eabi/13.3.1/../../../../arm-none-eabi/bin/ld.exe: C:/Users/Administrator/.pico-sdk/toolchain/13_3_Rel1/bin/../lib/gcc/arm-none-eabi/13.3.1/thumb/v8-m.main+fp/softfp\libc.a(libc_a-readr.o): in function `_read_r':
readr.c:(.text._read_r+0x14): undefined reference to `_read'
C:/Users/Administrator/.pico-sdk/toolchain/13_3_Rel1/bin/../lib/gcc/arm-none-eabi/13.3.1/../../../../arm-none-eabi/bin/ld.exe: C:/Users/Administrator/.pico-sdk/toolchain/13_3_Rel1/bin/../lib/gcc/arm-none-eabi/13.3.1/thumb/v8-m.main+fp/softfp\libc.a(libc_a-writer.o): in function `_write_r':
writer.c:(.text._write_r+0x14): undefined reference to `_write'
C:/Users/Administrator/.pico-sdk/toolchain/13_3_Rel1/bin/../lib/gcc/arm-none-eabi/13.3.1/../../../../arm-none-eabi/bin/ld.exe: C:/Users/Administrator/.pico-sdk/toolchain/13_3_Rel1/bin/../lib/gcc/arm-none-eabi/13.3.1/thumb/v8-m.main+fp/softfp\libc.a(libc_a-sbrkr.o): in function `_sbrk_r':
sbrkr.c:(.text._sbrk_r+0xc): undefined reference to `_sbrk'
collect2.exe: error: ld returned 1 exit status


